Component: ARM Compiler 5.06 update 5 (build 528) Tool: armlink [4d35e2]

==============================================================================

Section Cross References

    startup_stm32f103xe.o(STACK) refers (Special) to heapauxi.o(.text) for __use_two_region_memory
    startup_stm32f103xe.o(HEAP) refers (Special) to heapauxi.o(.text) for __use_two_region_memory
    startup_stm32f103xe.o(RESET) refers (Special) to heapauxi.o(.text) for __use_two_region_memory
    startup_stm32f103xe.o(RESET) refers to startup_stm32f103xe.o(STACK) for __initial_sp
    startup_stm32f103xe.o(RESET) refers to startup_stm32f103xe.o(.text) for Reset_Handler
    startup_stm32f103xe.o(RESET) refers to stm32f1xx_it.o(i.NMI_Handler) for NMI_Handler
    startup_stm32f103xe.o(RESET) refers to stm32f1xx_it.o(i.HardFault_Handler) for HardFault_Handler
    startup_stm32f103xe.o(RESET) refers to stm32f1xx_it.o(i.MemManage_Handler) for MemManage_Handler
    startup_stm32f103xe.o(RESET) refers to stm32f1xx_it.o(i.BusFault_Handler) for BusFault_Handler
    startup_stm32f103xe.o(RESET) refers to stm32f1xx_it.o(i.UsageFault_Handler) for UsageFault_Handler
    startup_stm32f103xe.o(RESET) refers to stm32f1xx_it.o(i.SVC_Handler) for SVC_Handler
    startup_stm32f103xe.o(RESET) refers to stm32f1xx_it.o(i.DebugMon_Handler) for DebugMon_Handler
    startup_stm32f103xe.o(RESET) refers to stm32f1xx_it.o(i.PendSV_Handler) for PendSV_Handler
    startup_stm32f103xe.o(RESET) refers to stm32f1xx_it.o(i.SysTick_Handler) for SysTick_Handler
    startup_stm32f103xe.o(RESET) refers to stm32f1xx_it.o(i.TIM1_CC_IRQHandler) for TIM1_CC_IRQHandler
    startup_stm32f103xe.o(RESET) refers to stm32f1xx_it.o(i.UART4_IRQHandler) for UART4_IRQHandler
    startup_stm32f103xe.o(.text) refers (Special) to heapauxi.o(.text) for __use_two_region_memory
    startup_stm32f103xe.o(.text) refers to system_stm32f1xx.o(i.SystemInit) for SystemInit
    startup_stm32f103xe.o(.text) refers to __main.o(!!!main) for __main
    startup_stm32f103xe.o(.text) refers to startup_stm32f103xe.o(HEAP) for Heap_Mem
    startup_stm32f103xe.o(.text) refers to startup_stm32f103xe.o(STACK) for Stack_Mem
    main.o(i.HAL_TIM_IC_CaptureCallback) refers to stm32f1xx_hal_tim.o(i.HAL_TIM_ReadCapturedValue) for HAL_TIM_ReadCapturedValue
    main.o(i.HAL_TIM_IC_CaptureCallback) refers to fflt_clz.o(x$fpl$ffltu) for __aeabi_ui2f
    main.o(i.HAL_TIM_IC_CaptureCallback) refers to faddsub_clz.o(x$fpl$fsub) for __aeabi_fsub
    main.o(i.HAL_TIM_IC_CaptureCallback) refers to f2d.o(x$fpl$f2d) for __aeabi_f2d
    main.o(i.HAL_TIM_IC_CaptureCallback) refers to dmul.o(x$fpl$dmul) for __aeabi_dmul
    main.o(i.HAL_TIM_IC_CaptureCallback) refers to scalbn.o(x$fpl$scalbn) for __ARM_scalbn
    main.o(i.HAL_TIM_IC_CaptureCallback) refers to d2f.o(x$fpl$d2f) for __aeabi_d2f
    main.o(i.HAL_TIM_IC_CaptureCallback) refers to tim.o(.bss) for htim1
    main.o(i.HAL_TIM_IC_CaptureCallback) refers to main.o(.data) for .data
    main.o(i.SystemClock_Config) refers to rt_memclr_w.o(.text) for __aeabi_memclr4
    main.o(i.SystemClock_Config) refers to stm32f1xx_hal_rcc.o(i.HAL_RCC_OscConfig) for HAL_RCC_OscConfig
    main.o(i.SystemClock_Config) refers to stm32f1xx_hal_rcc.o(i.HAL_RCC_ClockConfig) for HAL_RCC_ClockConfig
    main.o(i.delay_us) refers to stm32f1xx_hal.o(i.HAL_GetTick) for HAL_GetTick
    main.o(i.main) refers to stm32f1xx_hal.o(i.HAL_Init) for HAL_Init
    main.o(i.main) refers to main.o(i.SystemClock_Config) for SystemClock_Config
    main.o(i.main) refers to gpio.o(i.MX_GPIO_Init) for MX_GPIO_Init
    main.o(i.main) refers to tim.o(i.MX_TIM1_Init) for MX_TIM1_Init
    main.o(i.main) refers to usart.o(i.MX_UART4_Init) for MX_UART4_Init
    main.o(i.main) refers to stm32f1xx_hal_tim.o(i.HAL_TIM_Base_Start) for HAL_TIM_Base_Start
    main.o(i.main) refers to stm32f1xx_hal_tim.o(i.HAL_TIM_IC_Start) for HAL_TIM_IC_Start
    main.o(i.main) refers to stm32f1xx_hal_tim.o(i.HAL_TIM_IC_Start_IT) for HAL_TIM_IC_Start_IT
    main.o(i.main) refers to stm32f1xx_hal_gpio.o(i.HAL_GPIO_WritePin) for HAL_GPIO_WritePin
    main.o(i.main) refers to atk_mw579.o(i.atk_mw579_init) for atk_mw579_init
    main.o(i.main) refers to stm32f1xx_hal_gpio.o(i.HAL_GPIO_TogglePin) for HAL_GPIO_TogglePin
    main.o(i.main) refers to stm32f1xx_hal.o(i.HAL_Delay) for HAL_Delay
    main.o(i.main) refers to atk_mw579.o(i.atk_mw579_enter_config_mode) for atk_mw579_enter_config_mode
    main.o(i.main) refers to atk_mw579.o(i.atk_mw579_set_name) for atk_mw579_set_name
    main.o(i.main) refers to atk_mw579.o(i.atk_mw579_set_hello) for atk_mw579_set_hello
    main.o(i.main) refers to atk_mw579.o(i.atk_mw579_set_tpl) for atk_mw579_set_tpl
    main.o(i.main) refers to atk_mw579.o(i.atk_mw579_set_uart) for atk_mw579_set_uart
    main.o(i.main) refers to atk_mw579.o(i.atk_mw579_set_adptim) for atk_mw579_set_adptim
    main.o(i.main) refers to atk_mw579.o(i.atk_mw579_set_linkpassen) for atk_mw579_set_linkpassen
[...]
    i.HAL_TIM_ConfigClockSource              0x0800263c   Section        0  stm32f1xx_hal_tim.o(i.HAL_TIM_ConfigClockSource)
    i.HAL_TIM_IC_CaptureCallback             0x08002718   Section        0  main.o(i.HAL_TIM_IC_CaptureCallback)
    i.HAL_TIM_IC_ConfigChannel               0x08002778   Section        0  stm32f1xx_hal_tim.o(i.HAL_TIM_IC_ConfigChannel)
    i.HAL_TIM_IC_Init                        0x0800289c   Section        0  stm32f1xx_hal_tim.o(i.HAL_TIM_IC_Init)
    i.HAL_TIM_IC_MspInit                     0x080028f6   Section        0  stm32f1xx_hal_tim.o(i.HAL_TIM_IC_MspInit)
    i.HAL_TIM_IC_Start                       0x080028f8   Section        0  stm32f1xx_hal_tim.o(i.HAL_TIM_IC_Start)
    i.HAL_TIM_IC_Start_IT                    0x080029c4   Section        0  stm32f1xx_hal_tim.o(i.HAL_TIM_IC_Start_IT)
    i.HAL_TIM_IRQHandler                     0x08002abc   Section        0  stm32f1xx_hal_tim.o(i.HAL_TIM_IRQHandler)
    i.HAL_TIM_OC_DelayElapsedCallback        0x08002bec   Section        0  stm32f1xx_hal_tim.o(i.HAL_TIM_OC_DelayElapsedCallback)
    i.HAL_TIM_PWM_PulseFinishedCallback      0x08002bee   Section        0  stm32f1xx_hal_tim.o(i.HAL_TIM_PWM_PulseFinishedCallback)
    i.HAL_TIM_PeriodElapsedCallback          0x08002bf0   Section        0  stm32f1xx_hal_tim.o(i.HAL_TIM_PeriodElapsedCallback)
    i.HAL_TIM_ReadCapturedValue              0x08002bf2   Section        0  stm32f1xx_hal_tim.o(i.HAL_TIM_ReadCapturedValue)
    i.HAL_TIM_TriggerCallback                0x08002c1c   Section        0  stm32f1xx_hal_tim.o(i.HAL_TIM_TriggerCallback)
    i.HAL_UART_Init                          0x08002c1e   Section        0  stm32f1xx_hal_uart.o(i.HAL_UART_Init)
    i.HAL_UART_MspInit                       0x08002c84   Section        0  usart.o(i.HAL_UART_MspInit)
    i.HAL_UART_Receive                       0x08002d18   Section        0  stm32f1xx_hal_uart.o(i.HAL_UART_Receive)
    i.HAL_UART_Transmit                      0x08002dc8   Section        0  stm32f1xx_hal_uart.o(i.HAL_UART_Transmit)
    i.HardFault_Handler                      0x08002e68   Section        0  stm32f1xx_it.o(i.HardFault_Handler)
    i.MX_GPIO_Init                           0x08002e6c   Section        0  gpio.o(i.MX_GPIO_Init)
    i.MX_TIM1_Init                           0x08002efc   Section        0  tim.o(i.MX_TIM1_Init)
    i.MX_UART4_Init                          0x08002fa8   Section        0  usart.o(i.MX_UART4_Init)
    i.MemManage_Handler                      0x08002fe0   Section        0  stm32f1xx_it.o(i.MemManage_Handler)
    i.NMI_Handler                            0x08002fe2   Section        0  stm32f1xx_it.o(i.NMI_Handler)
    i.PendSV_Handler                         0x08002fe4   Section        0  stm32f1xx_it.o(i.PendSV_Handler)
    i.SVC_Handler                            0x08002fe6   Section        0  stm32f1xx_it.o(i.SVC_Handler)
    i.SysTick_Handler                        0x08002fe8   Section        0  stm32f1xx_it.o(i.SysTick_Handler)
    i.SystemClock_Config                     0x08002fec   Section        0  main.o(i.SystemClock_Config)
    i.SystemInit                             0x0800304a   Section        0  system_stm32f1xx.o(i.SystemInit)
    i.TIM1_CC_IRQHandler                     0x0800304c   Section        0  stm32f1xx_it.o(i.TIM1_CC_IRQHandler)
    i.TIM_Base_SetConfig                     0x08003058   Section        0  stm32f1xx_hal_tim.o(i.TIM_Base_SetConfig)
    i.TIM_CCxChannelCmd                      0x080030f4   Section        0  stm32f1xx_hal_tim.o(i.TIM_CCxChannelCmd)
    i.TIM_ETR_SetConfig                      0x0800310e   Section        0  stm32f1xx_hal_tim.o(i.TIM_ETR_SetConfig)
    i.TIM_ITRx_SetConfig                     0x08003122   Section        0  stm32f1xx_hal_tim.o(i.TIM_ITRx_SetConfig)
    TIM_ITRx_SetConfig                       0x08003123   Thumb Code    16  stm32f1xx_hal_tim.o(i.TIM_ITRx_SetConfig)
    i.TIM_TI1_ConfigInputStage               0x08003132   Section        0  stm32f1xx_hal_tim.o(i.TIM_TI1_ConfigInputStage)
    TIM_TI1_ConfigInputStage                 0x08003133   Thumb Code    34  stm32f1xx_hal_tim.o(i.TIM_TI1_ConfigInputStage)
    i.TIM_TI1_SetConfig                      0x08003154   Section        0  stm32f1xx_hal_tim.o(i.TIM_TI1_SetConfig)
    i.TIM_TI2_ConfigInputStage               0x080031c0   Section        0  stm32f1xx_hal_tim.o(i.TIM_TI2_ConfigInputStage)
    TIM_TI2_ConfigInputStage                 0x080031c1   Thumb Code    36  stm32f1xx_hal_tim.o(i.TIM_TI2_ConfigInputStage)
    i.TIM_TI2_SetConfig                      0x080031e4   Section        0  stm32f1xx_hal_tim.o(i.TIM_TI2_SetConfig)
    TIM_TI2_SetConfig                        0x080031e5   Thumb Code    54  stm32f1xx_hal_tim.o(i.TIM_TI2_SetConfig)
    i.UART4_IRQHandler                       0x0800321c   Section        0  stm32f1xx_it.o(i.UART4_IRQHandler)
    i.UART_EndRxTransfer                     0x080032c4   Section        0  stm32f1xx_hal_uart.o(i.UART_EndRxTransfer)
    UART_EndRxTransfer                       0x080032c5   Thumb Code    78  stm32f1xx_hal_uart.o(i.UART_EndRxTransfer)
    i.UART_SetConfig                         0x08003314   Section        0  stm32f1xx_hal_uart.o(i.UART_SetConfig)
    UART_SetConfig                           0x08003315   Thumb Code   178  stm32f1xx_hal_uart.o(i.UART_SetConfig)
    i.UART_WaitOnFlagUntilTimeout            0x080033cc   Section        0  stm32f1xx_hal_uart.o(i.UART_WaitOnFlagUntilTimeout)
    UART_WaitOnFlagUntilTimeout              0x080033cd   Thumb Code   114  stm32f1xx_hal_uart.o(i.UART_WaitOnFlagUntilTimeout)
    i.UsageFault_Handler                     0x0800343e   Section        0  stm32f1xx_it.o(i.UsageFault_Handler)
    i.__ARM_fpclassify                       0x08003440   Section        0  fpclassify.o(i.__ARM_fpclassify)
    i.__NVIC_SetPriority                     0x08003468   Section        0  stm32f1xx_hal_cortex.o(i.__NVIC_SetPriority)
    __NVIC_SetPriority                       0x08003469   Thumb Code    32  stm32f1xx_hal_cortex.o(i.__NVIC_SetPriority)
    i._is_digit                              0x08003488   Section        0  __printf_wp.o(i._is_digit)
    i.atk_mw579_at_test                      0x08003498   Section        0  atk_mw579.o(i.atk_mw579_at_test)
    i.atk_mw579_enter_config_mode            0x080034c0   Section        0  atk_mw579.o(i.atk_mw579_enter_config_mode)
    i.atk_mw579_init                         0x080034e8   Section        0  atk_mw579.o(i.atk_mw579_init)
    i.atk_mw579_send_at_cmd                  0x08003510   Section        0  atk_mw579.o(i.atk_mw579_send_at_cmd)
    i.atk_mw579_set_adptim                   0x08003558   Section        0  atk_mw579.o(i.atk_mw579_set_adptim)
    i.atk_mw579_set_hello                    0x0800359c   Section        0  atk_mw579.o(i.atk_mw579_set_hello)
    i.atk_mw579_set_leden                    0x080035d0   Section        0  atk_mw579.o(i.atk_mw579_set_leden)
    i.atk_mw579_set_linkpassen               0x08003620   Section        0  atk_mw579.o(i.atk_mw579_set_linkpassen)
    i.atk_mw579_set_maxput                   0x08003678   Section        0  atk_mw579.o(i.atk_mw579_set_maxput)
    i.atk_mw579_set_mode                     0x080036cc   Section        0  atk_mw579.o(i.atk_mw579_set_mode)
    i.atk_mw579_set_name                     0x08003744   Section        0  atk_mw579.o(i.atk_mw579_set_name)
    i.atk_mw579_set_slavesleepen             0x08003778   Section        0  atk_mw579.o(i.atk_mw579_set_slavesleepen)
    i.atk_mw579_set_tpl                      0x080037d0   Section        0  atk_mw579.o(i.atk_mw579_set_tpl)
    i.atk_mw579_set_uart                     0x08003830   Section        0  atk_mw579.o(i.atk_mw579_set_uart)
    i.atk_mw579_uart_printf                  0x08003910   Section        0  atk_mw579_uart.o(i.atk_mw579_uart_printf)
    i.atk_mw579_uart_rx_get_frame            0x08003940   Section        0  atk_mw579_uart.o(i.atk_mw579_uart_rx_get_frame)
    i.atk_mw579_uart_rx_restart              0x08003960   Section        0  atk_mw579_uart.o(i.atk_mw579_uart_rx_restart)
    i.main                                   0x08003974   Section        0  main.o(i.main)
    locale$$code                             0x08003ab0   Section       44  lc_numeric_c.o(locale$$code)
    locale$$code                             0x08003adc   Section       44  lc_ctype_c.o(locale$$code)
    x$fpl$d2f                                0x08003b08   Section       98  d2f.o(x$fpl$d2f)
    x$fpl$dcheck1                            0x08003b6c   Section       16  dcheck1.o(x$fpl$dcheck1)
    x$fpl$dmul                               0x08003b7c   Section      340  dmul.o(x$fpl$dmul)
    x$fpl$dnaninf                            0x08003cd0   Section      156  dnaninf.o(x$fpl$dnaninf)
    x$fpl$dretinf                            0x08003d6c   Section       12  dretinf.o(x$fpl$dretinf)
    x$fpl$f2d                                0x08003d78   Section       86  f2d.o(x$fpl$f2d)
    x$fpl$fadd                               0x08003dd0   Section      196  faddsub_clz.o(x$fpl$fadd)
    _fadd1                                   0x08003ddf   Thumb Code     0  faddsub_clz.o(x$fpl$fadd)
    x$fpl$ffltu                              0x08003e94   Section       38  fflt_clz.o(x$fpl$ffltu)
    x$fpl$fnaninf                            0x08003eba   Section      140  fnaninf.o(x$fpl$fnaninf)
    x$fpl$fretinf                            0x08003f46   Section       10  fretinf.o(x$fpl$fretinf)
    x$fpl$fsub                               0x08003f50   Section      234  faddsub_clz.o(x$fpl$fsub)
    _fsub1                                   0x08003f5f   Thumb Code     0  faddsub_clz.o(x$fpl$fsub)
    x$fpl$printf1                            0x0800403a   Section        4  printf1.o(x$fpl$printf1)
    x$fpl$printf2                            0x0800403e   Section        4  printf2.o(x$fpl$printf2)
    x$fpl$retnan                             0x08004042   Section      100  retnan.o(x$fpl$retnan)
    x$fpl$scalbn                             0x080040a6   Section       92  scalbn.o(x$fpl$scalbn)
    x$fpl$trapveneer                         0x08004102   Section       48  trapv.o(x$fpl$trapveneer)
    .constdata                               0x08004132   Section       18  stm32f1xx_hal_rcc.o(.constdata)
    x$fpl$usenofp                            0x08004132   Section        0  usenofp.o(x$fpl$usenofp)
    aPredivFactorTable                       0x08004132   Data           2  stm32f1xx_hal_rcc.o(.constdata)
    aPLLMULFactorTable                       0x08004134   Data          16  stm32f1xx_hal_rcc.o(.constdata)
    .constdata                               0x08004144   Section       16  system_stm32f1xx.o(.constdata)
    .constdata                               0x08004154   Section        8  system_stm32f1xx.o(.constdata)
    .constdata                               0x0800415c   Section       17  __printf_flags_ss_wp.o(.constdata)
    maptable                                 0x0800415c   Data          17  __printf_flags_ss_wp.o(.constdata)
    .constdata                               0x08004170   Section        8  _printf_wctomb.o(.constdata)
    initial_mbstate                          0x08004170   Data           8  _printf_wctomb.o(.constdata)
    .constdata                               0x08004178   Section       40  _printf_hex_int_ll_ptr.o(.constdata)
    uc_hextab                                0x08004178   Data          20  _printf_hex_int_ll_ptr.o(.constdata)
    lc_hextab                                0x0800418c   Data          20  _printf_hex_int_ll_ptr.o(.constdata)
    .constdata                               0x080041a0   Section       38  _printf_fp_hex.o(.constdata)
    lc_hextab                                0x080041a0   Data          19  _printf_fp_hex.o(.constdata)
    uc_hextab                                0x080041b3   Data          19  _printf_fp_hex.o(.constdata)
    .constdata                               0x080041c8   Section      148  bigflt0.o(.constdata)
    tenpwrs_x                                0x080041c8   Data          60  bigflt0.o(.constdata)
    tenpwrs_i                                0x08004204   Data          64  bigflt0.o(.constdata)
    locale$$data                             0x0800427c   Section       28  lc_numeric_c.o(locale$$data)
    __lcnum_c_name                           0x08004280   Data           2  lc_numeric_c.o(locale$$data)
    __lcnum_c_start                          0x08004288   Data           0  lc_numeric_c.o(locale$$data)
    __lcnum_c_point                          0x08004294   Data           0  lc_numeric_c.o(locale$$data)
    __lcnum_c_thousands                      0x08004296   Data           0  lc_numeric_c.o(locale$$data)
    __lcnum_c_grouping                       0x08004297   Data           0  lc_numeric_c.o(locale$$data)
    locale$$data                             0x08004298   Section      272  lc_ctype_c.o(locale$$data)
    __lcnum_c_end                            0x08004298   Data           0  lc_numeric_c.o(locale$$data)
    __lcctype_c_name                         0x0800429c   Data           2  lc_ctype_c.o(locale$$data)
    __lcctype_c_start                        0x080042a4   Data           0  lc_ctype_c.o(locale$$data)
    __lcctype_c_end                          0x080043a8   Data           0  lc_ctype_c.o(locale$$data)
    .data                                    0x20000000   Section       16  main.o(.data)
    .data                                    0x20000010   Section        1  main.o(.data)
    .data                                    0x20000014   Section       12  stm32f1xx_hal.o(.data)
    .data                                    0x20000020   Section        4  system_stm32f1xx.o(.data)
    .data                                    0x20000024   Section        1  atk_mw579.o(.data)
    g_atk_mw579_sta                          0x20000024   Data           1  atk_mw579.o(.data)
    .bss                                     0x20000028   Section       72  tim.o(.bss)
    .bss                                     0x20000070   Section       72  usart.o(.bss)
    .bss                                     0x200000b8   Section     2114  atk_mw579_uart.o(.bss)
    g_uart_tx_buf                            0x200008ba   Data          64  atk_mw579_uart.o(.bss)
    .bss                                     0x200008fc   Section       96  libspace.o(.bss)
    HEAP                                     0x20000960   Section      512  startup_stm32f103xe.o(HEAP)
    Heap_Mem                                 0x20000960   Data         512  startup_stm32f103xe.o(HEAP)
    STACK                                    0x20000b60   Section     1024  startup_stm32f103xe.o(STACK)
    Stack_Mem                                0x20000b60   Data        1024  startup_stm32f103xe.o(STACK)
    __initial_sp                             0x20000f60   Data           0  startup_stm32f103xe.o(STACK)

    Global Symbols

    Symbol Name                              Value     Ov Type        Size  Object(Section)

    BuildAttributes$$THM_ISAv4$P$D$K$B$S$PE$A:L22UL41UL21$X:L11$S22US41US21$IEEE1$IW$USESV6$~STKCKD$USESV7$~SHL$OTIME$ROPI$IEEEJ$EBA8$UX$STANDARDLIB$REQ8$PRES8$EABIv2 0x00000000   Number         0  anon$$obj.o ABSOLUTE
    __ARM_use_no_argv                        0x00000000   Number         0  main.o ABSOLUTE
    _printf_flags                            0x00000000   Number         0  printf_stubs.o ABSOLUTE
    _printf_return_value                     0x00000000   Number         0  printf_stubs.o ABSOLUTE
    _printf_sizespec                         0x00000000   Number         0  printf_stubs.o ABSOLUTE
    _printf_widthprec                        0x00000000   Number         0  printf_stubs.o ABSOLUTE
    __ARM_exceptions_init                     - Undefined Weak Reference
    __alloca_initialize                       - Undefined Weak Reference
    __arm_preinit_                            - Undefined Weak Reference
    __cpp_initialize__aeabi_                  - Undefined Weak Reference
    __cxa_finalize                            - Undefined Weak Reference
    __sigvec_lookup                           - Undefined Weak Reference
    _atexit_init                              - Undefined Weak Reference
    _call_atexit_fns                          - Undefined Weak Reference
    _clock_init                               - Undefined Weak Reference
    _fp_trap_init                             - Undefined Weak Reference
    _fp_trap_shutdown                         - Undefined Weak Reference
    _get_lc_collate                           - Undefined Weak Reference
    _get_lc_monetary                          - Undefined Weak Reference
    _get_lc_time                              - Undefined Weak Reference
    _getenv_init                              - Undefined Weak Reference
    _handle_redirection                       - Undefined Weak Reference
    _init_alloc                               - Undefined Weak Reference
    _init_user_alloc                          - Undefined Weak Reference
    _initio                                   - Undefined Weak Reference
    _printf_mbtowc                            - Undefined Weak Reference
    _printf_wc                                - Undefined Weak Reference
    _rand_init                                - Undefined Weak Reference
    _signal_finish                            - Undefined Weak Reference
    _signal_init                              - Undefined Weak Reference
    _terminate_alloc                          - Undefined Weak Reference
    _terminate_user_alloc                     - Undefined Weak Reference
    _terminateio                              - Undefined Weak Reference
    __Vectors_Size                           0x00000130   Number         0  startup_stm32f103xe.o ABSOLUTE
    __Vectors                                0x08000000   Data           4  startup_stm32f103xe.o(RESET)
    __Vectors_End                            0x08000130   Data           0  startup_stm32f103xe.o(RESET)
    __main                                   0x08000131   Thumb Code     8  __main.o(!!!main)
    __scatterload                            0x08000139   Thumb Code     0  __scatter.o(!!!scatter)
    __scatterload_rt2                        0x08000139   Thumb Code    44  __scatter.o(!!!scatter)
    __scatterload_rt2_thumb_only             0x08000139   Thumb Code     0  __scatter.o(!!!scatter)
    __scatterload_null                       0x08000147   Thumb Code     0  __scatter.o(!!!scatter)
    __scatterload_copy                       0x0800016d   Thumb Code    26  __scatter_copy.o(!!handler_copy)
    __scatterload_zeroinit                   0x08000189   Thumb Code    28  __scatter_zi.o(!!handler_zi)
    _printf_n                                0x080001a5   Thumb Code     0  _printf_n.o(.ARM.Collect$$_printf_percent$$00000001)
    _printf_percent                          0x080001a5   Thumb Code     0  _printf_percent.o(.ARM.Collect$$_printf_percent$$00000000)
    _printf_p                                0x080001ab   Thumb Code     0  _printf_p.o(.ARM.Collect$$_printf_percent$$00000002)
    _printf_f                                0x080001b1   Thumb Code     0  _printf_f.o(.ARM.Collect$$_printf_percent$$00000003)
    _printf_e                                0x080001b7   Thumb Code     0  _printf_e.o(.ARM.Collect$$_printf_percent$$00000004)
    _printf_g                                0x080001bd   Thumb Code     0  _printf_g.o(.ARM.Collect$$_printf_percent$$00000005)
    _printf_a                                0x080001c3   Thumb Code     0  _printf_a.o(.ARM.Collect$$_printf_percent$$00000006)
    _printf_ll                               0x080001c9   Thumb Code     0  _printf_ll.o(.ARM.Collect$$_printf_percent$$00000007)
    _printf_i                                0x080001d3   Thumb Code     0  _printf_i.o(.ARM.Collect$$_printf_percent$$00000008)
    _printf_d                                0x080001d9   Thumb Code     0  _printf_d.o(.ARM.Collect$$_printf_percent$$00000009)
    _printf_u                                0x080001df   Thumb Code     0  _printf_u.o(.ARM.Collect$$_printf_percent$$0000000A)
    _printf_o                                0x080001e5   Thumb Code     0  _printf_o.o(.ARM.Collect$$_printf_percent$$0000000B)
    _printf_x                                0x080001eb   Thumb Code     0  _printf_x.o(.ARM.Collect$$_printf_percent$$0000000C)
    _printf_lli                              0x080001f1   Thumb Code     0  _printf_lli.o(.ARM.Collect$$_printf_percent$$0000000D)
    _printf_lld                              0x080001f7   Thumb Code     0  _printf_lld.o(.ARM.Collect$$_printf_percent$$0000000E)
    _printf_llu                              0x080001fd   Thumb Code     0  _printf_llu.o(.ARM.Collect$$_printf_percent$$0000000F)
    _printf_llo                              0x08000203   Thumb Code     0  _printf_llo.o(.ARM.Collect$$_printf_percent$$00000010)
    _printf_llx                              0x08000209   Thumb Code     0  _printf_llx.o(.ARM.Collect$$_printf_percent$$00000011)
    _printf_l                                0x0800020f   Thumb Code     0  _printf_l.o(.ARM.Collect$$_printf_percent$$00000012)
    _printf_c                                0x08000219   Thumb Code     0  _printf_c.o(.ARM.Collect$$_printf_percent$$00000013)
    _printf_s                                0x0800021f   Thumb Code     0  _printf_s.o(.ARM.Collect$$_printf_percent$$00000014)
    _printf_lc                               0x08000225   Thumb Code     0  _printf_lc.o(.ARM.Collect$$_printf_percent$$00000015)
    _printf_ls                               0x0800022b   Thumb Code     0  _printf_ls.o(.ARM.Collect$$_printf_percent$$00000016)
    _printf_percent_end                      0x08000231   Thumb Code     0  _printf_percent_end.o(.ARM.Collect$$_printf_percent$$00000017)
    __rt_lib_init                            0x08000235   Thumb Code     0  libinit.o(.ARM.Collect$$libinit$$00000000)
    __rt_lib_init_fp_1                       0x08000237   Thumb Code     0  libinit2.o(.ARM.Collect$$libinit$$00000002)
    __rt_lib_init_heap_1                     0x08000237   Thumb Code     0  libinit2.o(.ARM.Collect$$libinit$$0000000A)
    __rt_lib_init_lc_common                  0x08000237   Thumb Code     0  libinit2.o(.ARM.Collect$$libinit$$0000000F)
    __rt_lib_init_preinit_1                  0x08000237   Thumb Code     0  libinit2.o(.ARM.Collect$$libinit$$00000004)
    __rt_lib_init_rand_1                     0x08000237   Thumb Code     0  libinit2.o(.ARM.Collect$$libinit$$0000000E)
    __rt_lib_init_user_alloc_1               0x08000237   Thumb Code     0  libinit2.o(.ARM.Collect$$libinit$$0000000C)
    __rt_lib_init_lc_collate_1               0x0800023d   Thumb Code     0  libinit2.o(.ARM.Collect$$libinit$$00000011)
    __rt_lib_init_lc_ctype_2                 0x0800023d   Thumb Code     0  libinit2.o(.ARM.Collect$$libinit$$00000012)
    __rt_lib_init_lc_ctype_1                 0x08000249   Thumb Code     0  libinit2.o(.ARM.Collect$$libinit$$00000013)
    __rt_lib_init_lc_monetary_1              0x08000249   Thumb Code     0  libinit2.o(.ARM.Collect$$libinit$$00000015)
    __rt_lib_init_lc_numeric_2               0x08000249   Thumb Code     0  libinit2.o(.ARM.Collect$$libinit$$00000016)
    __rt_lib_init_alloca_1                   0x08000253   Thumb Code     0  libinit2.o(.ARM.Collect$$libinit$$0000002E)
    __rt_lib_init_argv_1                     0x08000253   Thumb Code     0  libinit2.o(.ARM.Collect$$libinit$$0000002C)
    __rt_lib_init_atexit_1                   0x08000253   Thumb Code     0  libinit2.o(.ARM.Collect$$libinit$$0000001B)
    __rt_lib_init_clock_1                    0x08000253   Thumb Code     0  libinit2.o(.ARM.Collect$$libinit$$00000021)
    __rt_lib_init_cpp_1                      0x08000253   Thumb Code     0  libinit2.o(.ARM.Collect$$libinit$$00000032)
    __rt_lib_init_exceptions_1               0x08000253   Thumb Code     0  libinit2.o(.ARM.Collect$$libinit$$00000030)
    __rt_lib_init_fp_trap_1                  0x08000253   Thumb Code     0  libinit2.o(.ARM.Collect$$libinit$$0000001F)
    __rt_lib_init_getenv_1                   0x08000253   Thumb Code     0  libinit2.o(.ARM.Collect$$libinit$$00000023)
    __rt_lib_init_lc_numeric_1               0x08000253   Thumb Code     0  libinit2.o(.ARM.Collect$$libinit$$00000017)
    __rt_lib_init_lc_time_1                  0x08000253   Thumb Code     0  libinit2.o(.ARM.Collect$$libinit$$00000019)
    __rt_lib_init_return                     0x08000253   Thumb Code     0  libinit2.o(.ARM.Collect$$libinit$$00000033)
    __rt_lib_init_signal_1                   0x08000253   Thumb Code     0  libinit2.o(.ARM.Collect$$libinit$$0000001D)
    __rt_lib_init_stdio_1                    0x08000253   Thumb Code     0  libinit2.o(.ARM.Collect$$libinit$$00000025)
    __rt_lib_shutdown                        0x08000255   Thumb Code     0  libshutdown.o(.ARM.Collect$$libshutdown$$00000000)
    __rt_lib_shutdown_cpp_1                  0x08000257   Thumb Code     0  libshutdown2.o(.ARM.Collect$$libshutdown$$00000002)
    __rt_lib_shutdown_fp_trap_1              0x08000257   Thumb Code     0  libshutdown2.o(.ARM.Collect$$libshutdown$$00000007)
    __rt_lib_shutdown_heap_1                 0x08000257   Thumb Code     0  libshutdown2.o(.ARM.Collect$$libshutdown$$0000000F)
    __rt_lib_shutdown_return                 0x08000257   Thumb Code     0  libshutdown2.o(.ARM.Collect$$libshutdown$$00000010)
    __rt_lib_shutdown_signal_1               0x08000257   Thumb Code     0  libshutdown2.o(.ARM.Collect$$libshutdown$$0000000A)
    __rt_lib_shutdown_stdio_1                0x08000257   Thumb Code     0  libshutdown2.o(.ARM.Collect$$libshutdown$$00000004)
    __rt_lib_shutdown_user_alloc_1           0x08000257   Thumb Code     0  libshutdown2.o(.ARM.Collect$$libshutdown$$0000000C)
    __rt_entry                               0x08000259   Thumb Code     0  __rtentry.o(.ARM.Collect$$rtentry$$00000000)
    __rt_entry_presh_1                       0x08000259   Thumb Code     0  __rtentry2.o(.ARM.Collect$$rtentry$$00000002)
    __rt_entry_sh                            0x08000259   Thumb Code     0  __rtentry4.o(.ARM.Collect$$rtentry$$00000004)
    __rt_entry_li                            0x0800025f   Thumb Code     0  __rtentry2.o(.ARM.Collect$$rtentry$$0000000A)
    __rt_entry_postsh_1                      0x0800025f   Thumb Code     0  __rtentry2.o(.ARM.Collect$$rtentry$$00000009)
    __rt_entry_main                          0x08000263   Thumb Code     0  __rtentry2.o(.ARM.Collect$$rtentry$$0000000D)
    __rt_entry_postli_1                      0x08000263   Thumb Code     0  __rtentry2.o(.ARM.Collect$$rtentry$$0000000C)
    __rt_exit                                0x0800026b   Thumb Code     0  rtexit.o(.ARM.Collect$$rtexit$$00000000)
    __rt_exit_ls                             0x0800026d   Thumb Code     0  rtexit2.o(.ARM.Collect$$rtexit$$00000003)
    __rt_exit_prels_1                        0x0800026d   Thumb Code     0  rtexit2.o(.ARM.Collect$$rtexit$$00000002)
    __rt_exit_exit                           0x08000271   Thumb Code     0  rtexit2.o(.ARM.Collect$$rtexit$$00000004)
    Reset_Handler                            0x08000279   Thumb Code     8  startup_stm32f103xe.o(.text)
    ADC1_2_IRQHandler                        0x08000293   Thumb Code     0  startup_stm32f103xe.o(.text)
    ADC3_IRQHandler                          0x08000293   Thumb Code     0  startup_stm32f103xe.o(.text)
    CAN1_RX1_IRQHandler                      0x08000293   Thumb Code     0  startup_stm32f103xe.o(.text)
    CAN1_SCE_IRQHandler                      0x08000293   Thumb Code     0  startup_stm32f103xe.o(.text)
    DMA1_Channel1_IRQHandler                 0x08000293   Thumb Code     0  startup_stm32f103xe.o(.text)
    DMA1_Channel2_IRQHandler                 0x08000293   Thumb Code     0  startup_stm32f103xe.o(.text)
    DMA1_Channel3_IRQHandler                 0x08000293   Thumb Code     0  startup_stm32f103xe.o(.text)
    DMA1_Channel4_IRQHandler                 0x08000293   Thumb Code     0  startup_stm32f103xe.o(.text)
    DMA1_Channel5_IRQHandler                 0x08000293   Thumb Code     0  startup_stm32f103xe.o(.text)
    DMA1_Channel6_IRQHandler                 0x08000293   Thumb Code     0  startup_stm32f103xe.o(.text)
    DMA1_Channel7_IRQHandler                 0x08000293   Thumb Code     0  startup_stm32f103xe.o(.text)
    DMA2_Channel1_IRQHandler                 0x08000293   Thumb Code     0  startup_stm32f103xe.o(.text)
    DMA2_Channel2_IRQHandler                 0x08000293   Thumb Code     0  startup_stm32f103xe.o(.text)
    DMA2_Channel3_IRQHandler                 0x08000293   Thumb Code     0  startup_stm32f103xe.o(.text)
    DMA2_Channel4_5_IRQHandler               0x08000293   Thumb Code     0  startup_stm32f103xe.o(.text)
    EXTI0_IRQHandler                         0x08000293   Thumb Code     0  startup_stm32f103xe.o(.text)
    EXTI15_10_IRQHandler                     0x08000293   Thumb Code     0  startup_stm32f103xe.o(.text)
    EXTI1_IRQHandler                         0x08000293   Thumb Code     0  startup_stm32f103xe.o(.text)
    EXTI2_IRQHandler                         0x08000293   Thumb Code     0  startup_stm32f103xe.o(.text)
    EXTI3_IRQHandler                         0x08000293   Thumb Code     0  startup_stm32f103xe.o(.text)
    EXTI4_IRQHandler                         0x08000293   Thumb Code     0  startup_stm32f103xe.o(.text)
    EXTI9_5_IRQHandler                       0x08000293   Thumb Code     0  startup_stm32f103xe.o(.text)
    FLASH_IRQHandler                         0x08000293   Thumb Code     0  startup_stm32f103xe.o(.text)
    FSMC_IRQHandler                          0x08000293   Thumb Code     0  startup_stm32f103xe.o(.text)
    I2C1_ER_IRQHandler                       0x08000293   Thumb Code     0  startup_stm32f103xe.o(.text)
    I2C1_EV_IRQHandler                       0x08000293   Thumb Code     0  startup_stm32f103xe.o(.text)
    I2C2_ER_IRQHandler                       0x08000293   Thumb Code     0  startup_stm32f103xe.o(.text)
    I2C2_EV_IRQHandler                       0x08000293   Thumb Code     0  startup_stm32f103xe.o(.text)
    PVD_IRQHandler                           0x08000293   Thumb Code     0  startup_stm32f103xe.o(.text)
    RCC_IRQHandler                           0x08000293   Thumb Code     0  startup_stm32f103xe.o(.text)
    RTC_Alarm_IRQHandler                     0x08000293   Thumb Code     0  startup_stm32f103xe.o(.text)
    RTC_IRQHandler                           0x08000293   Thumb Code     0  startup_stm32f103xe.o(.text)
    SDIO_IRQHandler                          0x08000293   Thumb Code     0  startup_stm32f103xe.o(.text)
    SPI1_IRQHandler                          0x08000293   Thumb Code     0  startup_stm32f103xe.o(.text)
    SPI2_IRQHandler                          0x08000293   Thumb Code     0  startup_stm32f103xe.o(.text)
    SPI3_IRQHandler                          0x08000293   Thumb Code     0  startup_stm32f103xe.o(.text)
    TAMPER_IRQHandler                        0x08000293   Thumb Code     0  startup_stm32f103xe.o(.text)
    TIM1_BRK_IRQHandler                      0x08000293   Thumb Code     0  startup_stm32f103xe.o(.text)
    TIM1_TRG_COM_IRQHandler                  0x08000293   Thumb Code     0  startup_stm32f103xe.o(.text)
    TIM1_UP_IRQHandler                       0x08000293   Thumb Code     0  startup_stm32f103xe.o(.text)
    TIM2_IRQHandler                          0x08000293   Thumb Code     0  startup_stm32f103xe.o(.text)
    TIM3_IRQHandler                          0x08000293   Thumb Code     0  startup_stm32f103xe.o(.text)
    TIM4_IRQHandler                          0x08000293   Thumb Code     0  startup_stm32f103xe.o(.text)
    TIM5_IRQHandler                          0x08000293   Thumb Code     0  startup_stm32f103xe.o(.text)
    TIM6_IRQHandler                          0x08000293   Thumb Code     0  startup_stm32f103xe.o(.text)
    TIM7_IRQHandler                          0x08000293   Thumb Code     0  startup_stm32f103xe.o(.text)
    TIM8_BRK_IRQHandler                      0x08000293   Thumb Code     0  startup_stm32f103xe.o(.text)
    TIM8_CC_IRQHandler                       0x08000293   Thumb Code     0  startup_stm32f103xe.o(.text)
    TIM8_TRG_COM_IRQHandler                  0x08000293   Thumb Code     0  startup_stm32f103xe.o(.text)
    TIM8_UP_IRQHandler                       0x08000293   Thumb Code     0  startup_stm32f103xe.o(.text)
    UART5_IRQHandler                         0x08000293   Thumb Code     0  startup_stm32f103xe.o(.text)
    USART1_IRQHandler                        0x08000293   Thumb Code     0  startup_stm32f103xe.o(.text)
    USART2_IRQHandler                        0x08000293   Thumb Code     0  startup_stm32f103xe.o(.text)
    USART3_IRQHandler                        0x08000293   Thumb Code     0  startup_stm32f103xe.o(.text)
    USBWakeUp_IRQHandler                     0x08000293   Thumb Code     0  startup_stm32f103xe.o(.text)
    USB_HP_CAN1_TX_IRQHandler                0x08000293   Thumb Code     0  startup_stm32f103xe.o(.text)
    USB_LP_CAN1_RX0_IRQHandler               0x08000293   Thumb Code     0  startup_stm32f103xe.o(.text)
    WWDG_IRQHandler                          0x08000293   Thumb Code     0  startup_stm32f103xe.o(.text)
    __user_initial_stackheap                 0x08000295   Thumb Code     0  startup_stm32f103xe.o(.text)
    vsprintf                                 0x080002b9   Thumb Code    32  vsprintf.o(.text)
    __2sprintf                               0x080002dd   Thumb Code    38  __2sprintf.o(.text)
    _printf_str                              0x08000309   Thumb Code    82  _printf_str.o(.text)
    _printf_int_dec                          0x0800035d   Thumb Code   104  _printf_dec.o(.text)
    __printf                                 0x080003d5   Thumb Code   388  __printf_flags_ss_wp.o(.text)
    strstr                                   0x0800055d   Thumb Code    36  strstr.o(.text)
    strlen                                   0x08000581   Thumb Code    62  strlen.o(.text)
    __aeabi_memclr4                          0x080005bf   Thumb Code     0  rt_memclr_w.o(.text)
    __aeabi_memclr8                          0x080005bf   Thumb Code     0  rt_memclr_w.o(.text)
    __rt_memclr_w                            0x080005bf   Thumb Code    78  rt_memclr_w.o(.text)
    _memset_w                                0x080005c3   Thumb Code     0  rt_memclr_w.o(.text)
    __use_two_region_memory                  0x0800060d   Thumb Code     2  heapauxi.o(.text)
    __rt_heap_escrow$2region                 0x0800060f   Thumb Code     2  heapauxi.o(.text)
    __rt_heap_expand$2region                 0x08000611   Thumb Code     2  heapauxi.o(.text)
    _printf_pre_padding                      0x08000613   Thumb Code    44  _printf_pad.o(.text)
    _printf_post_padding                     0x0800063f   Thumb Code    34  _printf_pad.o(.text)
    _printf_truncate_signed                  0x08000661   Thumb Code    18  _printf_truncate.o(.text)
    _printf_truncate_unsigned                0x08000673   Thumb Code    18  _printf_truncate.o(.text)
    _printf_int_common                       0x08000685   Thumb Code   178  _printf_intcommon.o(.text)
    _printf_charcount                        0x08000737   Thumb Code    40  _printf_charcount.o(.text)
    _printf_char_common                      0x0800076b   Thumb Code    32  _printf_char_common.o(.text)
    _sputc                                   0x08000791   Thumb Code    10  _sputc.o(.text)
    _printf_cs_common                        0x0800079b   Thumb Code    20  _printf_char.o(.text)
    _printf_char                             0x080007af   Thumb Code    16  _printf_char.o(.text)
    _printf_string                           0x080007bf   Thumb Code     8  _printf_char.o(.text)
    _printf_wctomb                           0x080007c9   Thumb Code   182  _printf_wctomb.o(.text)
    _printf_longlong_dec                     0x08000885   Thumb Code   108  _printf_longlong_dec.o(.text)
    _printf_longlong_oct                     0x08000901   Thumb Code    66  _printf_oct_int_ll.o(.text)
    _printf_int_oct                          0x08000943   Thumb Code    24  _printf_oct_int_ll.o(.text)
    _printf_ll_oct                           0x0800095b   Thumb Code    12  _printf_oct_int_ll.o(.text)
    _printf_longlong_hex                     0x08000971   Thumb Code    86  _printf_hex_int_ll_ptr.o(.text)
    _printf_int_hex                          0x080009c7   Thumb Code    28  _printf_hex_int_ll_ptr.o(.text)
    _printf_ll_hex                           0x080009e3   Thumb Code    12  _printf_hex_int_ll_ptr.o(.text)
    _printf_hex_ptr                          0x080009ef   Thumb Code    18  _printf_hex_int_ll_ptr.o(.text)
    _ll_udiv10                               0x08000a05   Thumb Code   138  lludiv10.o(.text)
    __lib_sel_fp_printf                      0x08000a8f   Thumb Code     2  _printf_fp_dec.o(.text)
    _printf_fp_dec_real                      0x08000c41   Thumb Code   620  _printf_fp_dec.o(.text)
    _printf_fp_hex_real                      0x08000ead   Thumb Code   756  _printf_fp_hex.o(.text)
    _printf_lcs_common                       0x080011a9   Thumb Code    20  _printf_wchar.o(.text)
    _printf_wchar                            0x080011bd   Thumb Code    16  _printf_wchar.o(.text)
    _printf_wstring                          0x080011cd   Thumb Code     8  _printf_wchar.o(.text)
    _wcrtomb                                 0x080011d5   Thumb Code    64  _wcrtomb.o(.text)
    __user_setup_stackheap                   0x08001215   Thumb Code    74  sys_stackheap_outer.o(.text)
    __rt_ctype_table                         0x08001261   Thumb Code    16  rt_ctype_table.o(.text)
    __rt_locale                              0x08001271   Thumb Code     8  rt_locale_intlibspace.o(.text)
    _printf_fp_infnan                        0x08001279   Thumb Code   112  _printf_fp_infnan.o(.text)
    _btod_etento                             0x080012f9   Thumb Code   224  bigflt0.o(.text)
    exit                                     0x080013dd   Thumb Code    18  exit.o(.text)
    __user_libspace                          0x080013f1   Thumb Code     8  libspace.o(.text)
    __user_perproc_libspace                  0x080013f1   Thumb Code     0  libspace.o(.text)
    __user_perthread_libspace                0x080013f1   Thumb Code     0  libspace.o(.text)
    strcmp                                   0x080013f9   Thumb Code   128  strcmpv7m.o(.text)
    _sys_exit                                0x08001479   Thumb Code     8  sys_exit.o(.text)
    __I$use$semihosting                      0x08001485   Thumb Code     0  use_no_semi.o(.text)
    __use_no_semihosting_swi                 0x08001485   Thumb Code     2  use_no_semi.o(.text)
    __semihosting_library_function           0x08001487   Thumb Code     0  indicate_semi.o(.text)
    _btod_d2e                                0x08001487   Thumb Code    62  btod.o(CL$$btod_d2e)
    _d2e_denorm_low                          0x080014c5   Thumb Code    70  btod.o(CL$$btod_d2e_denorm_low)
    _d2e_norm_op1                            0x0800150b   Thumb Code    96  btod.o(CL$$btod_d2e_norm_op1)
    __btod_div_common                        0x0800156b   Thumb Code   696  btod.o(CL$$btod_div_common)
    _e2e                                     0x080018a3   Thumb Code   220  btod.o(CL$$btod_e2e)
    _btod_ediv                               0x0800197f   Thumb Code    42  btod.o(CL$$btod_ediv)
    _btod_emul                               0x080019a9   Thumb Code    42  btod.o(CL$$btod_emul)
    __btod_mult_common                       0x080019d3   Thumb Code   580  btod.o(CL$$btod_mult_common)
    BusFault_Handler                         0x08001c17   Thumb Code     2  stm32f1xx_it.o(i.BusFault_Handler)
    DebugMon_Handler                         0x08001c19   Thumb Code     2  stm32f1xx_it.o(i.DebugMon_Handler)
    Error_Handler                            0x08001c1b   Thumb Code     4  main.o(i.Error_Handler)
    HAL_Delay                                0x08001c21   Thumb Code    32  stm32f1xx_hal.o(i.HAL_Delay)
    HAL_GPIO_Init                            0x08001c45   Thumb Code   462  stm32f1xx_hal_gpio.o(i.HAL_GPIO_Init)
    HAL_GPIO_TogglePin                       0x08001e3d   Thumb Code    16  stm32f1xx_hal_gpio.o(i.HAL_GPIO_TogglePin)
    HAL_GPIO_WritePin                        0x08001e4d   Thumb Code    10  stm32f1xx_hal_gpio.o(i.HAL_GPIO_WritePin)
    HAL_GetTick                              0x08001e59   Thumb Code     6  stm32f1xx_hal.o(i.HAL_GetTick)
    HAL_IncTick                              0x08001e65   Thumb Code    12  stm32f1xx_hal.o(i.HAL_IncTick)
    HAL_Init                                 0x08001e75   Thumb Code    32  stm32f1xx_hal.o(i.HAL_Init)
    HAL_InitTick                             0x08001e99   Thumb Code    54  stm32f1xx_hal.o(i.HAL_InitTick)
    HAL_MspInit                              0x08001ed9   Thumb Code    52  stm32f1xx_hal_msp.o(i.HAL_MspInit)
    HAL_NVIC_EnableIRQ                       0x08001f15   Thumb Code    26  stm32f1xx_hal_cortex.o(i.HAL_NVIC_EnableIRQ)
    HAL_NVIC_SetPriority                     0x08001f31   Thumb Code    60  stm32f1xx_hal_cortex.o(i.HAL_NVIC_SetPriority)
    HAL_NVIC_SetPriorityGrouping             0x08001f71   Thumb Code    26  stm32f1xx_hal_cortex.o(i.HAL_NVIC_SetPriorityGrouping)
    HAL_RCC_ClockConfig                      0x08001f95   Thumb Code   280  stm32f1xx_hal_rcc.o(i.HAL_RCC_ClockConfig)
    HAL_RCC_GetPCLK1Freq                     0x080020c1   Thumb Code    20  stm32f1xx_hal_rcc.o(i.HAL_RCC_GetPCLK1Freq)
    HAL_RCC_GetPCLK2Freq                     0x080020e1   Thumb Code    20  stm32f1xx_hal_rcc.o(i.HAL_RCC_GetPCLK2Freq)
    HAL_RCC_GetSysClockFreq                  0x08002101   Thumb Code    58  stm32f1xx_hal_rcc.o(i.HAL_RCC_GetSysClockFreq)
    HAL_RCC_OscConfig                        0x0800214d   Thumb Code   778  stm32f1xx_hal_rcc.o(i.HAL_RCC_OscConfig)
    HAL_SYSTICK_Config                       0x0800246d   Thumb Code    40  stm32f1xx_hal_cortex.o(i.HAL_SYSTICK_Config)
    HAL_TIMEx_BreakCallback                  0x08002495   Thumb Code     2  stm32f1xx_hal_tim_ex.o(i.HAL_TIMEx_BreakCallback)
    HAL_TIMEx_CommutCallback                 0x08002497   Thumb Code     2  stm32f1xx_hal_tim_ex.o(i.HAL_TIMEx_CommutCallback)
    HAL_TIMEx_MasterConfigSynchronization    0x08002499   Thumb Code   104  stm32f1xx_hal_tim_ex.o(i.HAL_TIMEx_MasterConfigSynchronization)
    HAL_TIM_Base_Init                        0x08002515   Thumb Code    90  stm32f1xx_hal_tim.o(i.HAL_TIM_Base_Init)
    HAL_TIM_Base_MspInit                     0x08002571   Thumb Code    90  tim.o(i.HAL_TIM_Base_MspInit)
    HAL_TIM_Base_Start                       0x080025d9   Thumb Code    78  stm32f1xx_hal_tim.o(i.HAL_TIM_Base_Start)
    HAL_TIM_ConfigClockSource                0x0800263d   Thumb Code   220  stm32f1xx_hal_tim.o(i.HAL_TIM_ConfigClockSource)
    HAL_TIM_IC_CaptureCallback               0x08002719   Thumb Code    78  main.o(i.HAL_TIM_IC_CaptureCallback)
    HAL_TIM_IC_ConfigChannel                 0x08002779   Thumb Code   292  stm32f1xx_hal_tim.o(i.HAL_TIM_IC_ConfigChannel)
    HAL_TIM_IC_Init                          0x0800289d   Thumb Code    90  stm32f1xx_hal_tim.o(i.HAL_TIM_IC_Init)
    HAL_TIM_IC_MspInit                       0x080028f7   Thumb Code     2  stm32f1xx_hal_tim.o(i.HAL_TIM_IC_MspInit)
    HAL_TIM_IC_Start                         0x080028f9   Thumb Code   184  stm32f1xx_hal_tim.o(i.HAL_TIM_IC_Start)
    HAL_TIM_IC_Start_IT                      0x080029c5   Thumb Code   228  stm32f1xx_hal_tim.o(i.HAL_TIM_IC_Start_IT)
    HAL_TIM_IRQHandler                       0x08002abd   Thumb Code   304  stm32f1xx_hal_tim.o(i.HAL_TIM_IRQHandler)
    HAL_TIM_OC_DelayElapsedCallback          0x08002bed   Thumb Code     2  stm32f1xx_hal_tim.o(i.HAL_TIM_OC_DelayElapsedCallback)
    HAL_TIM_PWM_PulseFinishedCallback        0x08002bef   Thumb Code     2  stm32f1xx_hal_tim.o(i.HAL_TIM_PWM_PulseFinishedCallback)
    HAL_TIM_PeriodElapsedCallback            0x08002bf1   Thumb Code     2  stm32f1xx_hal_tim.o(i.HAL_TIM_PeriodElapsedCallback)
    HAL_TIM_ReadCapturedValue                0x08002bf3   Thumb Code    42  stm32f1xx_hal_tim.o(i.HAL_TIM_ReadCapturedValue)
    HAL_TIM_TriggerCallback                  0x08002c1d   Thumb Code     2  stm32f1xx_hal_tim.o(i.HAL_TIM_TriggerCallback)
    HAL_UART_Init                            0x08002c1f   Thumb Code   100  stm32f1xx_hal_uart.o(i.HAL_UART_Init)
    HAL_UART_MspInit                         0x08002c85   Thumb Code   136  usart.o(i.HAL_UART_MspInit)
    HAL_UART_Receive                         0x08002d19   Thumb Code   176  stm32f1xx_hal_uart.o(i.HAL_UART_Receive)
    HAL_UART_Transmit                        0x08002dc9   Thumb Code   160  stm32f1xx_hal_uart.o(i.HAL_UART_Transmit)
    HardFault_Handler                        0x08002e69   Thumb Code     2  stm32f1xx_it.o(i.HardFault_Handler)
    MX_GPIO_Init                             0x08002e6d   Thumb Code   136  gpio.o(i.MX_GPIO_Init)
    MX_TIM1_Init                             0x08002efd   Thumb Code   164  tim.o(i.MX_TIM1_Init)
    MX_UART4_Init                            0x08002fa9   Thumb Code    48  usart.o(i.MX_UART4_Init)
    MemManage_Handler                        0x08002fe1   Thumb Code     2  stm32f1xx_it.o(i.MemManage_Handler)
    NMI_Handler                              0x08002fe3   Thumb Code     2  stm32f1xx_it.o(i.NMI_Handler)
    PendSV_Handler                           0x08002fe5   Thumb Code     2  stm32f1xx_it.o(i.PendSV_Handler)
    SVC_Handler                              0x08002fe7   Thumb Code     2  stm32f1xx_it.o(i.SVC_Handler)
    SysTick_Handler                          0x08002fe9   Thumb Code     4  stm32f1xx_it.o(i.SysTick_Handler)
    SystemClock_Config                       0x08002fed   Thumb Code    94  main.o(i.SystemClock_Config)
    SystemInit                               0x0800304b   Thumb Code     2  system_stm32f1xx.o(i.SystemInit)
    TIM1_CC_IRQHandler                       0x0800304d   Thumb Code     6  stm32f1xx_it.o(i.TIM1_CC_IRQHandler)
    TIM_Base_SetConfig                       0x08003059   Thumb Code   134  stm32f1xx_hal_tim.o(i.TIM_Base_SetConfig)
    TIM_CCxChannelCmd                        0x080030f5   Thumb Code    26  stm32f1xx_hal_tim.o(i.TIM_CCxChannelCmd)
    TIM_ETR_SetConfig                        0x0800310f   Thumb Code    20  stm32f1xx_hal_tim.o(i.TIM_ETR_SetConfig)
    TIM_TI1_SetConfig                        0x08003155   Thumb Code    88  stm32f1xx_hal_tim.o(i.TIM_TI1_SetConfig)
    UART4_IRQHandler                         0x0800321d   Thumb Code   152  stm32f1xx_it.o(i.UART4_IRQHandler)
    UsageFault_Handler                       0x0800343f   Thumb Code     2  stm32f1xx_it.o(i.UsageFault_Handler)
    __ARM_fpclassify                         0x08003441   Thumb Code    40  fpclassify.o(i.__ARM_fpclassify)
    _is_digit                                0x08003489   Thumb Code    14  __printf_wp.o(i._is_digit)
    atk_mw579_at_test                        0x08003499   Thumb Code    30  atk_mw579.o(i.atk_mw579_at_test)
    atk_mw579_enter_config_mode              0x080034c1   Thumb Code    22  atk_mw579.o(i.atk_mw579_enter_config_mode)
    atk_mw579_init                           0x080034e9   Thumb Code    34  atk_mw579.o(i.atk_mw579_init)
    atk_mw579_send_at_cmd                    0x08003511   Thumb Code    62  atk_mw579.o(i.atk_mw579_send_at_cmd)
    atk_mw579_set_adptim                     0x08003559   Thumb Code    46  atk_mw579.o(i.atk_mw579_set_adptim)
    atk_mw579_set_hello                      0x0800359d   Thumb Code    34  atk_mw579.o(i.atk_mw579_set_hello)
    atk_mw579_set_leden                      0x080035d1   Thumb Code    56  atk_mw579.o(i.atk_mw579_set_leden)
    atk_mw579_set_linkpassen                 0x08003621   Thumb Code    56  atk_mw579.o(i.atk_mw579_set_linkpassen)
    atk_mw579_set_maxput                     0x08003679   Thumb Code    56  atk_mw579.o(i.atk_mw579_set_maxput)
    atk_mw579_set_mode                       0x080036cd   Thumb Code    82  atk_mw579.o(i.atk_mw579_set_mode)
    atk_mw579_set_name                       0x08003745   Thumb Code    34  atk_mw579.o(i.atk_mw579_set_name)
    atk_mw579_set_slavesleepen               0x08003779   Thumb Code    56  atk_mw579.o(i.atk_mw579_set_slavesleepen)
    atk_mw579_set_tpl                        0x080037d1   Thumb Code    78  atk_mw579.o(i.atk_mw579_set_tpl)
    atk_mw579_set_uart                       0x08003831   Thumb Code   198  atk_mw579.o(i.atk_mw579_set_uart)
    atk_mw579_uart_printf                    0x08003911   Thumb Code    40  atk_mw579_uart.o(i.atk_mw579_uart_printf)
    atk_mw579_uart_rx_get_frame              0x08003941   Thumb Code    26  atk_mw579_uart.o(i.atk_mw579_uart_rx_get_frame)
    atk_mw579_uart_rx_restart                0x08003961   Thumb Code    16  atk_mw579_uart.o(i.atk_mw579_uart_rx_restart)
    main                                     0x08003975   Thumb Code   256  main.o(i.main)
    _get_lc_numeric                          0x08003ab1   Thumb Code    44  lc_numeric_c.o(locale$$code)
    _get_lc_ctype                            0x08003add   Thumb Code    44  lc_ctype_c.o(locale$$code)
    __aeabi_d2f                              0x08003b09   Thumb Code     0  d2f.o(x$fpl$d2f)
    _d2f                                     0x08003b09   Thumb Code    98  d2f.o(x$fpl$d2f)
    __fpl_dcheck_NaN1                        0x08003b6d   Thumb Code    10  dcheck1.o(x$fpl$dcheck1)
    __aeabi_dmul                             0x08003b7d   Thumb Code     0  dmul.o(x$fpl$dmul)
    _dmul                                    0x08003b7d   Thumb Code   332  dmul.o(x$fpl$dmul)
    __fpl_dnaninf                            0x08003cd1   Thumb Code   156  dnaninf.o(x$fpl$dnaninf)
    __fpl_dretinf                            0x08003d6d   Thumb Code    12  dretinf.o(x$fpl$dretinf)
    __aeabi_f2d                              0x08003d79   Thumb Code     0  f2d.o(x$fpl$f2d)
    _f2d                                     0x08003d79   Thumb Code    86  f2d.o(x$fpl$f2d)
    __aeabi_fadd                             0x08003dd1   Thumb Code     0  faddsub_clz.o(x$fpl$fadd)
    _fadd                                    0x08003dd1   Thumb Code   196  faddsub_clz.o(x$fpl$fadd)
    __aeabi_ui2f                             0x08003e95   Thumb Code     0  fflt_clz.o(x$fpl$ffltu)
    _ffltu                                   0x08003e95   Thumb Code    38  fflt_clz.o(x$fpl$ffltu)
    __fpl_fnaninf                            0x08003ebb   Thumb Code   140  fnaninf.o(x$fpl$fnaninf)
    __fpl_fretinf                            0x08003f47   Thumb Code    10  fretinf.o(x$fpl$fretinf)
    __aeabi_fsub                             0x08003f51   Thumb Code     0  faddsub_clz.o(x$fpl$fsub)
    _fsub                                    0x08003f51   Thumb Code   234  faddsub_clz.o(x$fpl$fsub)
    _printf_fp_dec                           0x0800403b   Thumb Code     4  printf1.o(x$fpl$printf1)
    _printf_fp_hex                           0x0800403f   Thumb Code     4  printf2.o(x$fpl$printf2)
    __fpl_return_NaN                         0x08004043   Thumb Code   100  retnan.o(x$fpl$retnan)
    __ARM_scalbn                             0x080040a7   Thumb Code    92  scalbn.o(x$fpl$scalbn)
    __fpl_cmpreturn                          0x08004103   Thumb Code    48  trapv.o(x$fpl$trapveneer)
    __I$use$fp                               0x08004132   Number         0  usenofp.o(x$fpl$usenofp)
    AHBPrescTable                            0x08004144   Data          16  system_stm32f1xx.o(.constdata)
    APBPrescTable                            0x08004154   Data           8  system_stm32f1xx.o(.constdata)
    Region$$Table$$Base                      0x0800425c   Number         0  anon$$obj.o(Region$$Table)
    Region$$Table$$Limit                     0x0800427c   Number         0  anon$$obj.o(Region$$Table)
    __ctype                                  0x080042a5   Data           0  lc_ctype_c.o(locale$$data)
    ret                                      0x20000000   Data           1  main.o(.data)
    Dis                                      0x20000004   Data           4  main.o(.data)
    t1                                       0x20000008   Data           4  main.o(.data)
    t2                                       0x2000000c   Data           4  main.o(.data)
    tmp                                      0x20000010   Data           1  main.o(.data)
    uwTickFreq                               0x20000014   Data           1  stm32f1xx_hal.o(.data)
    uwTickPrio                               0x20000018   Data           4  stm32f1xx_hal.o(.data)
    uwTick                                   0x2000001c   Data           4  stm32f1xx_hal.o(.data)
    SystemCoreClock                          0x20000020   Data           4  system_stm32f1xx.o(.data)
    htim1                                    0x20000028   Data          72  tim.o(.bss)
    huart4                                   0x20000070   Data          72  usart.o(.bss)
    g_uart_rx_frame                          0x200000b8   Data        2050  atk_mw579_uart.o(.bss)
    __libspace_start                         0x200008fc   Data          96  libspace.o(.bss)
    __temporary_stack_top$libspace           0x2000095c   Data           0  libspace.o(.bss)



==============================================================================

Memory Map of the image

  Image Entry point : 0x08000131

  Load Region LR_IROM1 (Base: 0x08000000, Size: 0x000043d0, Max: 0x00040000, ABSOLUTE)

    Execution Region ER_IROM1 (Exec base: 0x08000000, Load base: 0x08000000, Size: 0x000043a8, Max: 0x00040000, ABSOLUTE)

    Exec Addr    Load Addr    Size         Type   Attr      Idx    E Section Name        Object

    0x08000000   0x08000000   0x00000130   Data   RO            3    RESET               startup_stm32f103xe.o
    0x08000130   0x08000130   0x00000008   Code   RO         3057  * !!!main             c_w.l(__main.o)
    0x08000138   0x08000138   0x00000034   Code   RO         3383    !!!scatter          c_w.l(__scatter.o)
    0x0800016c   0x0800016c   0x0000001a   Code   RO         3385    !!handler_copy      c_w.l(__scatter_copy.o)
    0x08000186   0x08000186   0x00000002   PAD
    0x08000188   0x08000188   0x0000001c   Code   RO         3387    !!handler_zi        c_w.l(__scatter_zi.o)
    0x080001a4   0x080001a4   0x00000000   Code   RO         3048    .ARM.Collect$$_printf_percent$$00000000  c_w.l(_printf_percent.o)
    0x080001a4   0x080001a4   0x00000006   Code   RO         3127    .ARM.Collect$$_printf_percent$$00000001  c_w.l(_printf_n.o)
    0x080001aa   0x080001aa   0x00000006   Code   RO         3129    .ARM.Collect$$_printf_percent$$00000002  c_w.l(_printf_p.o)
    0x080001b0   0x080001b0   0x00000006   Code   RO         3133    .ARM.Collect$$_printf_percent$$00000003  c_w.l(_printf_f.o)
    0x080001b6   0x080001b6   0x00000006   Code   RO         3134    .ARM.Collect$$_printf_percent$$00000004  c_w.l(_printf_e.o)
    0x080001bc   0x080001bc   0x00000006   Code   RO         3135    .ARM.Collect$$_printf_percent$$00000005  c_w.l(_printf_g.o)
    0x080001c2   0x080001c2   0x00000006   Code   RO         3136    .ARM.Collect$$_printf_percent$$00000006  c_w.l(_printf_a.o)
    0x080001c8   0x080001c8   0x0000000a   Code   RO         3141    .ARM.Collect$$_printf_percent$$00000007  c_w.l(_printf_ll.o)
    0x080001d2   0x080001d2   0x00000006   Code   RO         3131    .ARM.Collect$$_printf_percent$$00000008  c_w.l(_printf_i.o)
    0x080001d8   0x080001d8   0x00000006   Code   RO         3047    .ARM.Collect$$_printf_percent$$00000009  c_w.l(_printf_d.o)
    0x080001de   0x080001de   0x00000006   Code   RO         3132    .ARM.Collect$$_printf_percent$$0000000A  c_w.l(_printf_u.o)
    0x080001e4   0x080001e4   0x00000006   Code   RO         3130    .ARM.Collect$$_printf_percent$$0000000B  c_w.l(_printf_o.o)
    0x080001ea   0x080001ea   0x00000006   Code   RO         3128    .ARM.Collect$$_printf_percent$$0000000C  c_w.l(_printf_x.o)
    0x080001f0   0x080001f0   0x00000006   Code   RO         3138    .ARM.Collect$$_printf_percent$$0000000D  c_w.l(_printf_lli.o)
    0x080001f6   0x080001f6   0x00000006   Code   RO         3139    .ARM.Collect$$_printf_percent$$0000000E  c_w.l(_printf_lld.o)
    0x080001fc   0x080001fc   0x00000006   Code   RO         3140    .ARM.Collect$$_printf_percent$$0000000F  c_w.l(_printf_llu.o)
    0x08000202   0x08000202   0x00000006   Code   RO         3145    .ARM.Collect$$_printf_percent$$00000010  c_w.l(_printf_llo.o)
    0x08000208   0x08000208   0x00000006   Code   RO         3146    .ARM.Collect$$_printf_percent$$00000011  c_w.l(_printf_llx.o)
    0x0800020e   0x0800020e   0x0000000a   Code   RO         3142    .ARM.Collect$$_printf_percent$$00000012  c_w.l(_printf_l.o)
    0x08000218   0x08000218   0x00000006   Code   RO         3126    .ARM.Collect$$_printf_percent$$00000013  c_w.l(_printf_c.o)
    0x0800021e   0x0800021e   0x00000006   Code   RO         3046    .ARM.Collect$$_printf_percent$$00000014  c_w.l(_printf_s.o)
    0x08000224   0x08000224   0x00000006   Code   RO         3143    .ARM.Collect$$_printf_percent$$00000015  c_w.l(_printf_lc.o)
    0x0800022a   0x0800022a   0x00000006   Code   RO         3144    .ARM.Collect$$_printf_percent$$00000016  c_w.l(_printf_ls.o)
    0x08000230   0x08000230   0x00000004   Code   RO         3137    .ARM.Collect$$_printf_percent$$00000017  c_w.l(_printf_percent_end.o)
    0x08000234   0x08000234   0x00000002   Code   RO         3242    .ARM.Collect$$libinit$$00000000  c_w.l(libinit.o)
    0x08000236   0x08000236   0x00000000   Code   RO         3260    .ARM.Collect$$libinit$$00000002  c_w.l(libinit2.o)
    0x08000236   0x08000236   0x00000000   Code   RO         3262    .ARM.Collect$$libinit$$00000004  c_w.l(libinit2.o)
    0x08000236   0x08000236   0x00000000   Code   RO         3265    .ARM.Collect$$libinit$$0000000A  c_w.l(libinit2.o)
    0x08000236   0x08000236   0x00000000   Code   RO         3267    .ARM.Collect$$libinit$$0000000C  c_w.l(libinit2.o)
    0x08000236   0x08000236   0x00000000   Code   RO         3269    .ARM.Collect$$libinit$$0000000E  c_w.l(libinit2.o)
    0x08000236   0x08000236   0x00000006   Code   RO         3270    .ARM.Collect$$libinit$$0000000F  c_w.l(libinit2.o)
    0x0800023c   0x0800023c   0x00000000   Code   RO         3272    .ARM.Collect$$libinit$$00000011  c_w.l(libinit2.o)
    0x0800023c   0x0800023c   0x0000000c   Code   RO         3273    .ARM.Collect$$libinit$$00000012  c_w.l(libinit2.o)
    0x08000248   0x08000248   0x00000000   Code   RO         3274    .ARM.Collect$$libinit$$00000013  c_w.l(libinit2.o)
    0x08000248   0x08000248   0x00000000   Code   RO         3276    .ARM.Collect$$libinit$$00000015  c_w.l(libinit2.o)
    0x08000248   0x08000248   0x0000000a   Code   RO         3277    .ARM.Collect$$libinit$$00000016  c_w.l(libinit2.o)
    0x08000252   0x08000252   0x00000000   Code   RO         3278    .ARM.Collect$$libinit$$00000017  c_w.l(libinit2.o)
    0x08000252   0x08000252   0x00000000   Code   RO         3280    .ARM.Collect$$libinit$$00000019  c_w.l(libinit2.o)
    0x08000252   0x08000252   0x00000000   Code   RO         3282    .ARM.Collect$$libinit$$0000001B  c_w.l(libinit2.o)
    0x08000252   0x08000252   0x00000000   Code   RO         3284    .ARM.Collect$$libinit$$0000001D  c_w.l(libinit2.o)
    0x08000252   0x08000252   0x00000000   Code   RO         3286    .ARM.Collect$$libinit$$0000001F  c_w.l(libinit2.o)
    0x08000252   0x08000252   0x00000000   Code   RO         3288    .ARM.Collect$$libinit$$00000021  c_w.l(libinit2.o)
    0x08000252   0x08000252   0x00000000   Code   RO         3290    .ARM.Collect$$libinit$$00000023  c_w.l(libinit2.o)
    0x08000252   0x08000252   0x00000000   Code   RO         3292    .ARM.Collect$$libinit$$00000025  c_w.l(libinit2.o)
    0x08000252   0x08000252   0x00000000   Code   RO         3296    .ARM.Collect$$libinit$$0000002C  c_w.l(libinit2.o)
    0x08000252   0x08000252   0x00000000   Code   RO         3298    .ARM.Collect$$libinit$$0000002E  c_w.l(libinit2.o)
    0x08000252   0x08000252   0x00000000   Code   RO         3300    .ARM.Collect$$libinit$$00000030  c_w.l(libinit2.o)
    0x08000252   0x08000252   0x00000000   Code   RO         3302    .ARM.Collect$$libinit$$00000032  c_w.l(libinit2.o)
    0x08000252   0x08000252   0x00000002   Code   RO         3303    .ARM.Collect$$libinit$$00000033  c_w.l(libinit2.o)
    0x08000254   0x08000254   0x00000002   Code   RO         3323    .ARM.Collect$$libshutdown$$00000000  c_w.l(libshutdown.o)
    0x08000256   0x08000256   0x00000000   Code   RO         3336    .ARM.Collect$$libshutdown$$00000002  c_w.l(libshutdown2.o)
    0x08000256   0x08000256   0x00000000   Code   RO         3338    .ARM.Collect$$libshutdown$$00000004  c_w.l(libshutdown2.o)
    0x08000256   0x08000256   0x00000000   Code   RO         3341    .ARM.Collect$$libshutdown$$00000007  c_w.l(libshutdown2.o)
    0x08000256   0x08000256   0x00000000   Code   RO         3344    .ARM.Collect$$libshutdown$$0000000A  c_w.l(libshutdown2.o)
    0x08000256   0x08000256   0x00000000   Code   RO         3346    .ARM.Collect$$libshutdown$$0000000C  c_w.l(libshutdown2.o)
    0x08000256   0x08000256   0x00000000   Code   RO         3349    .ARM.Collect$$libshutdown$$0000000F  c_w.l(libshutdown2.o)
    0x08000256   0x08000256   0x00000002   Code   RO         3350    .ARM.Collect$$libshutdown$$00000010  c_w.l(libshutdown2.o)
    0x08000258   0x08000258   0x00000000   Code   RO         3079    .ARM.Collect$$rtentry$$00000000  c_w.l(__rtentry.o)
    0x08000258   0x08000258   0x00000000   Code   RO         3167    .ARM.Collect$$rtentry$$00000002  c_w.l(__rtentry2.o)
    0x08000258   0x08000258   0x00000006   Code   RO         3179    .ARM.Collect$$rtentry$$00000004  c_w.l(__rtentry4.o)
    0x0800025e   0x0800025e   0x00000000   Code   RO         3169    .ARM.Collect$$rtentry$$00000009  c_w.l(__rtentry2.o)
    0x0800025e   0x0800025e   0x00000004   Code   RO         3170    .ARM.Collect$$rtentry$$0000000A  c_w.l(__rtentry2.o)
    0x08000262   0x08000262   0x00000000   Code   RO         3172    .ARM.Collect$$rtentry$$0000000C  c_w.l(__rtentry2.o)
    0x08000262   0x08000262   0x00000008   Code   RO         3173    .ARM.Collect$$rtentry$$0000000D  c_w.l(__rtentry2.o)
    0x0800026a   0x0800026a   0x00000002   Code   RO         3252    .ARM.Collect$$rtexit$$00000000  c_w.l(rtexit.o)
    0x0800026c   0x0800026c   0x00000000   Code   RO         3305    .ARM.Collect$$rtexit$$00000002  c_w.l(rtexit2.o)
    0x0800026c   0x0800026c   0x00000004   Code   RO         3306    .ARM.Collect$$rtexit$$00000003  c_w.l(rtexit2.o)
    0x08000270   0x08000270   0x00000006   Code   RO         3307    .ARM.Collect$$rtexit$$00000004  c_w.l(rtexit2.o)
    0x08000276   0x08000276   0x00000002   PAD
    0x08000278   0x08000278   0x00000040   Code   RO            4    .text               startup_stm32f103xe.o
    0x080002b8   0x080002b8   0x00000024   Code   RO         3014    .text               c_w.l(vsprintf.o)
    0x080002dc   0x080002dc   0x0000002c   Code   RO         3016    .text               c_w.l(__2sprintf.o)
    0x08000308   0x08000308   0x00000052   Code   RO         3022    .text               c_w.l(_printf_str.o)
    0x0800035a   0x0800035a   0x00000002   PAD
    0x0800035c   0x0800035c   0x00000078   Code   RO         3024    .text               c_w.l(_printf_dec.o)
    0x080003d4   0x080003d4   0x00000188   Code   RO         3043    .text               c_w.l(__printf_flags_ss_wp.o)
    0x0800055c   0x0800055c   0x00000024   Code   RO         3049    .text               c_w.l(strstr.o)
    0x08000580   0x08000580   0x0000003e   Code   RO         3051    .text               c_w.l(strlen.o)
    0x080005be   0x080005be   0x0000004e   Code   RO         3053    .text               c_w.l(rt_memclr_w.o)
    0x0800060c   0x0800060c   0x00000006   Code   RO         3055    .text               c_w.l(heapauxi.o)
    0x08000612   0x08000612   0x0000004e   Code   RO         3080    .text               c_w.l(_printf_pad.o)
    0x08000660   0x08000660   0x00000024   Code   RO         3082    .text               c_w.l(_printf_truncate.o)
    0x08000684   0x08000684   0x000000b2   Code   RO         3084    .text               c_w.l(_printf_intcommon.o)
    0x08000736   0x08000736   0x00000028   Code   RO         3086    .text               c_w.l(_printf_charcount.o)
    0x0800075e   0x0800075e   0x00000002   PAD
    0x08000760   0x08000760   0x00000030   Code   RO         3088    .text               c_w.l(_printf_char_common.o)
    0x08000790   0x08000790   0x0000000a   Code   RO         3090    .text               c_w.l(_sputc.o)
    0x0800079a   0x0800079a   0x0000002c   Code   RO         3092    .text               c_w.l(_printf_char.o)
    0x080007c6   0x080007c6   0x00000002   PAD
    0x080007c8   0x080007c8   0x000000bc   Code   RO         3094    .text               c_w.l(_printf_wctomb.o)
    0x08000884   0x08000884   0x0000007c   Code   RO         3097    .text               c_w.l(_printf_longlong_dec.o)
    0x08000900   0x08000900   0x00000070   Code   RO         3103    .text               c_w.l(_printf_oct_int_ll.o)
    0x08000970   0x08000970   0x00000094   Code   RO         3123    .text               c_w.l(_printf_hex_int_ll_ptr.o)
    0x08000a04   0x08000a04   0x0000008a   Code   RO         3181    .text               c_w.l(lludiv10.o)
    0x08000a8e   0x08000a8e   0x0000041e   Code   RO         3183    .text               c_w.l(_printf_fp_dec.o)
    0x08000eac   0x08000eac   0x000002fc   Code   RO         3185    .text               c_w.l(_printf_fp_hex.o)
    0x080011a8   0x080011a8   0x0000002c   Code   RO         3190    .text               c_w.l(_printf_wchar.o)
    0x080011d4   0x080011d4   0x00000040   Code   RO         3192    .text               c_w.l(_wcrtomb.o)
    0x08001214   0x08001214   0x0000004a   Code   RO         3196    .text               c_w.l(sys_stackheap_outer.o)
    0x0800125e   0x0800125e   0x00000002   PAD
    0x08001260   0x08001260   0x00000010   Code   RO         3198    .text               c_w.l(rt_ctype_table.o)
    0x08001270   0x08001270   0x00000008   Code   RO         3203    .text               c_w.l(rt_locale_intlibspace.o)
    0x08001278   0x08001278   0x00000080   Code   RO         3205    .text               c_w.l(_printf_fp_infnan.o)
    0x080012f8   0x080012f8   0x000000e4   Code   RO         3207    .text               c_w.l(bigflt0.o)
    0x080013dc   0x080013dc   0x00000012   Code   RO         3235    .text               c_w.l(exit.o)
    0x080013ee   0x080013ee   0x00000002   PAD
    0x080013f0   0x080013f0   0x00000008   Code   RO         3249    .text               c_w.l(libspace.o)
    0x080013f8   0x080013f8   0x00000080   Code   RO         3257    .text               c_w.l(strcmpv7m.o)
    0x08001478   0x08001478   0x0000000c   Code   RO         3315    .text               c_w.l(sys_exit.o)
    0x08001484   0x08001484   0x00000002   Code   RO         3326    .text               c_w.l(use_no_semi.o)
    0x08001486   0x08001486   0x00000000   Code   RO         3328    .text               c_w.l(indicate_semi.o)
    0x08001486   0x08001486   0x0000003e   Code   RO         3210    CL$$btod_d2e        c_w.l(btod.o)
    0x080014c4   0x080014c4   0x00000046   Code   RO         3212    CL$$btod_d2e_denorm_low  c_w.l(btod.o)
    0x0800150a   0x0800150a   0x00000060   Code   RO         3211    CL$$btod_d2e_norm_op1  c_w.l(btod.o)
    0x0800156a   0x0800156a   0x00000338   Code   RO         3220    CL$$btod_div_common  c_w.l(btod.o)
    0x080018a2   0x080018a2   0x000000dc   Code   RO         3217    CL$$btod_e2e        c_w.l(btod.o)
    0x0800197e   0x0800197e   0x0000002a   Code   RO         3214    CL$$btod_ediv       c_w.l(btod.o)
    0x080019a8   0x080019a8   0x0000002a   Code   RO         3213    CL$$btod_emul       c_w.l(btod.o)
    0x080019d2   0x080019d2   0x00000244   Code   RO         3219    CL$$btod_mult_common  c_w.l(btod.o)
    0x08001c16   0x08001c16   0x00000002   Code   RO          284    i.BusFault_Handler  stm32f1xx_it.o
    0x08001c18   0x08001c18   0x00000002   Code   RO          285    i.DebugMon_Handler  stm32f1xx_it.o
    0x08001c1a   0x08001c1a   0x00000004   Code   RO           13    i.Error_Handler     main.o
    0x08001c1e   0x08001c1e   0x00000002   PAD
    0x08001c20   0x08001c20   0x00000024   Code   RO         1412    i.HAL_Delay         stm32f1xx_hal.o
    0x08001c44   0x08001c44   0x000001f8   Code   RO         1722    i.HAL_GPIO_Init     stm32f1xx_hal_gpio.o
    0x08001e3c   0x08001e3c   0x00000010   Code   RO         1725    i.HAL_GPIO_TogglePin  stm32f1xx_hal_gpio.o
    0x08001e4c   0x08001e4c   0x0000000a   Code   RO         1726    i.HAL_GPIO_WritePin  stm32f1xx_hal_gpio.o
    0x08001e56   0x08001e56   0x00000002   PAD
    0x08001e58   0x08001e58   0x0000000c   Code   RO         1416    i.HAL_GetTick       stm32f1xx_hal.o
    0x08001e64   0x08001e64   0x00000010   Code   RO         1422    i.HAL_IncTick       stm32f1xx_hal.o
    0x08001e74   0x08001e74   0x00000024   Code   RO         1423    i.HAL_Init          stm32f1xx_hal.o
    0x08001e98   0x08001e98   0x00000040   Code   RO         1424    i.HAL_InitTick      stm32f1xx_hal.o
    0x08001ed8   0x08001ed8   0x0000003c   Code   RO          372    i.HAL_MspInit       stm32f1xx_hal_msp.o
    0x08001f14   0x08001f14   0x0000001a   Code   RO         1882    i.HAL_NVIC_EnableIRQ  stm32f1xx_hal_cortex.o
    0x08001f2e   0x08001f2e   0x00000002   PAD
    0x08001f30   0x08001f30   0x00000040   Code   RO         1888    i.HAL_NVIC_SetPriority  stm32f1xx_hal_cortex.o
    0x08001f70   0x08001f70   0x00000024   Code   RO         1889    i.HAL_NVIC_SetPriorityGrouping  stm32f1xx_hal_cortex.o
    0x08001f94   0x08001f94   0x0000012c   Code   RO         1580    i.HAL_RCC_ClockConfig  stm32f1xx_hal_rcc.o
    0x080020c0   0x080020c0   0x00000020   Code   RO         1587    i.HAL_RCC_GetPCLK1Freq  stm32f1xx_hal_rcc.o
    0x080020e0   0x080020e0   0x00000020   Code   RO         1588    i.HAL_RCC_GetPCLK2Freq  stm32f1xx_hal_rcc.o
    0x08002100   0x08002100   0x0000004c   Code   RO         1589    i.HAL_RCC_GetSysClockFreq  stm32f1xx_hal_rcc.o
    0x0800214c   0x0800214c   0x00000320   Code   RO         1592    i.HAL_RCC_OscConfig  stm32f1xx_hal_rcc.o
    0x0800246c   0x0800246c   0x00000028   Code   RO         1893    i.HAL_SYSTICK_Config  stm32f1xx_hal_cortex.o
    0x08002494   0x08002494   0x00000002   Code   RO         1138    i.HAL_TIMEx_BreakCallback  stm32f1xx_hal_tim_ex.o
    0x08002496   0x08002496   0x00000002   Code   RO         1139    i.HAL_TIMEx_CommutCallback  stm32f1xx_hal_tim_ex.o
    0x08002498   0x08002498   0x0000007c   Code   RO         1157    i.HAL_TIMEx_MasterConfigSynchronization  stm32f1xx_hal_tim_ex.o
    0x08002514   0x08002514   0x0000005a   Code   RO          434    i.HAL_TIM_Base_Init  stm32f1xx_hal_tim.o
    0x0800256e   0x0800256e   0x00000002   PAD
    0x08002570   0x08002570   0x00000068   Code   RO          201    i.HAL_TIM_Base_MspInit  tim.o
    0x080025d8   0x080025d8   0x00000064   Code   RO          437    i.HAL_TIM_Base_Start  stm32f1xx_hal_tim.o
    0x0800263c   0x0800263c   0x000000dc   Code   RO          443    i.HAL_TIM_ConfigClockSource  stm32f1xx_hal_tim.o
    0x08002718   0x08002718   0x00000060   Code   RO           14    i.HAL_TIM_IC_CaptureCallback  main.o
    0x08002778   0x08002778   0x00000124   Code   RO          470    i.HAL_TIM_IC_ConfigChannel  stm32f1xx_hal_tim.o
    0x0800289c   0x0800289c   0x0000005a   Code   RO          473    i.HAL_TIM_IC_Init   stm32f1xx_hal_tim.o
    0x080028f6   0x080028f6   0x00000002   Code   RO          475    i.HAL_TIM_IC_MspInit  stm32f1xx_hal_tim.o
    0x080028f8   0x080028f8   0x000000cc   Code   RO          476    i.HAL_TIM_IC_Start  stm32f1xx_hal_tim.o
    0x080029c4   0x080029c4   0x000000f8   Code   RO          478    i.HAL_TIM_IC_Start_IT  stm32f1xx_hal_tim.o
    0x08002abc   0x08002abc   0x00000130   Code   RO          482    i.HAL_TIM_IRQHandler  stm32f1xx_hal_tim.o
    0x08002bec   0x08002bec   0x00000002   Code   RO          485    i.HAL_TIM_OC_DelayElapsedCallback  stm32f1xx_hal_tim.o
    0x08002bee   0x08002bee   0x00000002   Code   RO          512    i.HAL_TIM_PWM_PulseFinishedCallback  stm32f1xx_hal_tim.o
    0x08002bf0   0x08002bf0   0x00000002   Code   RO          520    i.HAL_TIM_PeriodElapsedCallback  stm32f1xx_hal_tim.o
    0x08002bf2   0x08002bf2   0x0000002a   Code   RO          522    i.HAL_TIM_ReadCapturedValue  stm32f1xx_hal_tim.o
    0x08002c1c   0x08002c1c   0x00000002   Code   RO          525    i.HAL_TIM_TriggerCallback  stm32f1xx_hal_tim.o
    0x08002c1e   0x08002c1e   0x00000064   Code   RO         2412    i.HAL_UART_Init     stm32f1xx_hal_uart.o
    0x08002c82   0x08002c82   0x00000002   PAD
    0x08002c84   0x08002c84   0x00000094   Code   RO          243    i.HAL_UART_MspInit  usart.o
    0x08002d18   0x08002d18   0x000000b0   Code   RO         2415    i.HAL_UART_Receive  stm32f1xx_hal_uart.o
    0x08002dc8   0x08002dc8   0x000000a0   Code   RO         2420    i.HAL_UART_Transmit  stm32f1xx_hal_uart.o
    0x08002e68   0x08002e68   0x00000002   Code   RO          286    i.HardFault_Handler  stm32f1xx_it.o
    0x08002e6a   0x08002e6a   0x00000002   PAD
    0x08002e6c   0x08002e6c   0x00000090   Code   RO          176    i.MX_GPIO_Init      gpio.o
    0x08002efc   0x08002efc   0x000000ac   Code   RO          202    i.MX_TIM1_Init      tim.o
    0x08002fa8   0x08002fa8   0x00000038   Code   RO          244    i.MX_UART4_Init     usart.o
    0x08002fe0   0x08002fe0   0x00000002   Code   RO          287    i.MemManage_Handler  stm32f1xx_it.o
    0x08002fe2   0x08002fe2   0x00000002   Code   RO          288    i.NMI_Handler       stm32f1xx_it.o
    0x08002fe4   0x08002fe4   0x00000002   Code   RO          289    i.PendSV_Handler    stm32f1xx_it.o
    0x08002fe6   0x08002fe6   0x00000002   Code   RO          290    i.SVC_Handler       stm32f1xx_it.o
    0x08002fe8   0x08002fe8   0x00000004   Code   RO          291    i.SysTick_Handler   stm32f1xx_it.o
    0x08002fec   0x08002fec   0x0000005e   Code   RO           16    i.SystemClock_Config  main.o
    0x0800304a   0x0800304a   0x00000002   Code   RO         2747    i.SystemInit        system_stm32f1xx.o
    0x0800304c   0x0800304c   0x0000000c   Code   RO          292    i.TIM1_CC_IRQHandler  stm32f1xx_it.o
    0x08003058   0x08003058   0x0000009c   Code   RO          527    i.TIM_Base_SetConfig  stm32f1xx_hal_tim.o
    0x080030f4   0x080030f4   0x0000001a   Code   RO          528    i.TIM_CCxChannelCmd  stm32f1xx_hal_tim.o
    0x0800310e   0x0800310e   0x00000014   Code   RO          538    i.TIM_ETR_SetConfig  stm32f1xx_hal_tim.o
    0x08003122   0x08003122   0x00000010   Code   RO          539    i.TIM_ITRx_SetConfig  stm32f1xx_hal_tim.o
    0x08003132   0x08003132   0x00000022   Code   RO          545    i.TIM_TI1_ConfigInputStage  stm32f1xx_hal_tim.o
    0x08003154   0x08003154   0x0000006c   Code   RO          546    i.TIM_TI1_SetConfig  stm32f1xx_hal_tim.o
    0x080031c0   0x080031c0   0x00000024   Code   RO          547    i.TIM_TI2_ConfigInputStage  stm32f1xx_hal_tim.o
    0x080031e4   0x080031e4   0x00000036   Code   RO          548    i.TIM_TI2_SetConfig  stm32f1xx_hal_tim.o
    0x0800321a   0x0800321a   0x00000002   PAD
    0x0800321c   0x0800321c   0x000000a8   Code   RO          293    i.UART4_IRQHandler  stm32f1xx_it.o
    0x080032c4   0x080032c4   0x0000004e   Code   RO         2435    i.UART_EndRxTransfer  stm32f1xx_hal_uart.o
    0x08003312   0x08003312   0x00000002   PAD
    0x08003314   0x08003314   0x000000b8   Code   RO         2438    i.UART_SetConfig    stm32f1xx_hal_uart.o
    0x080033cc   0x080033cc   0x00000072   Code   RO         2441    i.UART_WaitOnFlagUntilTimeout  stm32f1xx_hal_uart.o
    0x0800343e   0x0800343e   0x00000002   Code   RO          294    i.UsageFault_Handler  stm32f1xx_it.o
    0x08003440   0x08003440   0x00000028   Code   RO         3247    i.__ARM_fpclassify  m_ws.l(fpclassify.o)
    0x08003468   0x08003468   0x00000020   Code   RO         1895    i.__NVIC_SetPriority  stm32f1xx_hal_cortex.o
    0x08003488   0x08003488   0x0000000e   Code   RO         3036    i._is_digit         c_w.l(__printf_wp.o)
    0x08003496   0x08003496   0x00000002   PAD
    0x08003498   0x08003498   0x00000028   Code   RO         2784    i.atk_mw579_at_test  atk_mw579.o
    0x080034c0   0x080034c0   0x00000028   Code   RO         2786    i.atk_mw579_enter_config_mode  atk_mw579.o
    0x080034e8   0x080034e8   0x00000028   Code   RO         2789    i.atk_mw579_init    atk_mw579.o
    0x08003510   0x08003510   0x00000048   Code   RO         2791    i.atk_mw579_send_at_cmd  atk_mw579.o
    0x08003558   0x08003558   0x00000044   Code   RO         2792    i.atk_mw579_set_adptim  atk_mw579.o
    0x0800359c   0x0800359c   0x00000034   Code   RO         2795    i.atk_mw579_set_hello  atk_mw579.o
    0x080035d0   0x080035d0   0x00000050   Code   RO         2797    i.atk_mw579_set_leden  atk_mw579.o
    0x08003620   0x08003620   0x00000058   Code   RO         2799    i.atk_mw579_set_linkpassen  atk_mw579.o
    0x08003678   0x08003678   0x00000054   Code   RO         2800    i.atk_mw579_set_maxput  atk_mw579.o
    0x080036cc   0x080036cc   0x00000078   Code   RO         2801    i.atk_mw579_set_mode  atk_mw579.o
    0x08003744   0x08003744   0x00000034   Code   RO         2802    i.atk_mw579_set_name  atk_mw579.o
    0x08003778   0x08003778   0x00000058   Code   RO         2804    i.atk_mw579_set_slavesleepen  atk_mw579.o
    0x080037d0   0x080037d0   0x00000060   Code   RO         2805    i.atk_mw579_set_tpl  atk_mw579.o
    0x08003830   0x08003830   0x000000e0   Code   RO         2806    i.atk_mw579_set_uart  atk_mw579.o
    0x08003910   0x08003910   0x00000030   Code   RO         2960    i.atk_mw579_uart_printf  atk_mw579_uart.o
    0x08003940   0x08003940   0x00000020   Code   RO         2961    i.atk_mw579_uart_rx_get_frame  atk_mw579_uart.o
    0x08003960   0x08003960   0x00000014   Code   RO         2963    i.atk_mw579_uart_rx_restart  atk_mw579_uart.o
    0x08003974   0x08003974   0x0000013c   Code   RO           18    i.main              main.o
    0x08003ab0   0x08003ab0   0x0000002c   Code   RO         3233    locale$$code        c_w.l(lc_numeric_c.o)
    0x08003adc   0x08003adc   0x0000002c   Code   RO         3255    locale$$code        c_w.l(lc_ctype_c.o)
    0x08003b08   0x08003b08   0x00000062   Code   RO         3059    x$fpl$d2f           fz_ws.l(d2f.o)
    0x08003b6a   0x08003b6a   0x00000002   PAD
    0x08003b6c   0x08003b6c   0x00000010   Code   RO         3147    x$fpl$dcheck1       fz_ws.l(dcheck1.o)
    0x08003b7c   0x08003b7c   0x00000154   Code   RO         3061    x$fpl$dmul          fz_ws.l(dmul.o)
    0x08003cd0   0x08003cd0   0x0000009c   Code   RO         3149    x$fpl$dnaninf       fz_ws.l(dnaninf.o)
    0x08003d6c   0x08003d6c   0x0000000c   Code   RO         3151    x$fpl$dretinf       fz_ws.l(dretinf.o)
    0x08003d78   0x08003d78   0x00000056   Code   RO         3063    x$fpl$f2d           fz_ws.l(f2d.o)
    0x08003dce   0x08003dce   0x00000002   PAD
    0x08003dd0   0x08003dd0   0x000000c4   Code   RO         3065    x$fpl$fadd          fz_ws.l(faddsub_clz.o)
    0x08003e94   0x08003e94   0x00000026   Code   RO         3071    x$fpl$ffltu         fz_ws.l(fflt_clz.o)
    0x08003eba   0x08003eba   0x0000008c   Code   RO         3153    x$fpl$fnaninf       fz_ws.l(fnaninf.o)
    0x08003f46   0x08003f46   0x0000000a   Code   RO         3155    x$fpl$fretinf       fz_ws.l(fretinf.o)
    0x08003f50   0x08003f50   0x000000ea   Code   RO         3067    x$fpl$fsub          fz_ws.l(faddsub_clz.o)
    0x0800403a   0x0800403a   0x00000004   Code   RO         3157    x$fpl$printf1       fz_ws.l(printf1.o)
    0x0800403e   0x0800403e   0x00000004   Code   RO         3159    x$fpl$printf2       fz_ws.l(printf2.o)
    0x08004042   0x08004042   0x00000064   Code   RO         3194    x$fpl$retnan        fz_ws.l(retnan.o)
    0x080040a6   0x080040a6   0x0000005c   Code   RO         3077    x$fpl$scalbn        fz_ws.l(scalbn.o)
    0x08004102   0x08004102   0x00000030   Code   RO         3245    x$fpl$trapveneer    fz_ws.l(trapv.o)
    0x08004132   0x08004132   0x00000000   Code   RO         3165    x$fpl$usenofp       fz_ws.l(usenofp.o)
    0x08004132   0x08004132   0x00000012   Data   RO         1593    .constdata          stm32f1xx_hal_rcc.o
    0x08004144   0x08004144   0x00000010   Data   RO         2748    .constdata          system_stm32f1xx.o
    0x08004154   0x08004154   0x00000008   Data   RO         2749    .constdata          system_stm32f1xx.o
    0x0800415c   0x0800415c   0x00000011   Data   RO         3044    .constdata          c_w.l(__printf_flags_ss_wp.o)
    0x0800416d   0x0800416d   0x00000003   PAD
    0x08004170   0x08004170   0x00000008   Data   RO         3095    .constdata          c_w.l(_printf_wctomb.o)
    0x08004178   0x08004178   0x00000028   Data   RO         3124    .constdata          c_w.l(_printf_hex_int_ll_ptr.o)
    0x080041a0   0x080041a0   0x00000026   Data   RO         3186    .constdata          c_w.l(_printf_fp_hex.o)
    0x080041c6   0x080041c6   0x00000002   PAD
    0x080041c8   0x080041c8   0x00000094   Data   RO         3208    .constdata          c_w.l(bigflt0.o)
    0x0800425c   0x0800425c   0x00000020   Data   RO         3381    Region$$Table       anon$$obj.o
    0x0800427c   0x0800427c   0x0000001c   Data   RO         3232    locale$$data        c_w.l(lc_numeric_c.o)
    0x08004298   0x08004298   0x00000110   Data   RO         3254    locale$$data        c_w.l(lc_ctype_c.o)


    Execution Region RW_IRAM1 (Exec base: 0x20000000, Load base: 0x080043a8, Size: 0x00000f60, Max: 0x0000c000, ABSOLUTE)

    Exec Addr    Load Addr    Size         Type   Attr      Idx    E Section Name        Object

    0x20000000   0x080043a8   0x00000010   Data   RW           19    .data               main.o
    0x20000010   0x080043b8   0x00000001   Data   RW           20    .data               main.o
    0x20000011   0x080043b9   0x00000003   PAD
    0x20000014   0x080043bc   0x0000000c   Data   RW         1430    .data               stm32f1xx_hal.o
    0x20000020   0x080043c8   0x00000004   Data   RW         2750    .data               system_stm32f1xx.o
    0x20000024   0x080043cc   0x00000001   Data   RW         2809    .data               atk_mw579.o
    0x20000025   0x080043cd   0x00000003   PAD
    0x20000028        -       0x00000048   Zero   RW          203    .bss                tim.o
    0x20000070        -       0x00000048   Zero   RW          245    .bss                usart.o
    0x200000b8        -       0x00000842   Zero   RW         2964    .bss                atk_mw579_uart.o
    0x200008fa   0x080043cd   0x00000002   PAD
    0x200008fc        -       0x00000060   Zero   RW         3250    .bss                c_w.l(libspace.o)
    0x2000095c   0x080043cd   0x00000004   PAD
    0x20000960        -       0x00000200   Zero   RW            2    HEAP                startup_stm32f103xe.o
    0x20000b60        -       0x00000400   Zero   RW            1    STACK               startup_stm32f103xe.o


==============================================================================

Image component sizes


      Code (inc. data)   RO Data    RW Data    ZI Data      Debug   Object Name

      1144        328          0          1          0      10602   atk_mw579.o
       100         18          0          0       2114       2965   atk_mw579_uart.o
       144          8          0          0          0        919   gpio.o
       510         78          0         17          0     492053   main.o
        64         26        304          0       1536        808   startup_stm32f103xe.o
       164         28          0         12          0       6477   stm32f1xx_hal.o
       198         14          0          0          0      28911   stm32f1xx_hal_cortex.o
       530         42          0          0          0       3505   stm32f1xx_hal_gpio.o
        60          8          0          0          0        862   stm32f1xx_hal_msp.o
      1240         84         18          0          0       5088   stm32f1xx_hal_rcc.o
      2050        104          0          0          0      16972   stm32f1xx_hal_tim.o
       128         20          0          0          0       2385   stm32f1xx_hal_tim_ex.o
       812          6          0          0          0       5861   stm32f1xx_hal_uart.o
       200         22          0          0          0       5362   stm32f1xx_it.o
         2          0         24          4          0       1107   system_stm32f1xx.o
       276         22          0          0         72       1794   tim.o
       204         20          0          0         72       1684   usart.o

    ----------------------------------------------------------------------
      7842        828        378         40       3796     587355   Object Totals
         0          0         32          0          0          0   (incl. Generated)
        16          0          0          6          2          0   (incl. Padding)

    ----------------------------------------------------------------------

      Code (inc. data)   RO Data    RW Data    ZI Data      Debug   Library Member Name

        44          6          0          0          0         84   __2sprintf.o
         8          0          0          0          0         68   __main.o
       392          4         17          0          0         92   __printf_flags_ss_wp.o
        14          0          0          0          0         68   __printf_wp.o
         0          0          0          0          0          0   __rtentry.o
        12          0          0          0          0          0   __rtentry2.o
         6          0          0          0          0          0   __rtentry4.o
        52          8          0          0          0          0   __scatter.o
        26          0          0          0          0          0   __scatter_copy.o
        28          0          0          0          0          0   __scatter_zi.o
         6          0          0          0          0          0   _printf_a.o
         6          0          0          0          0          0   _printf_c.o
        44          0          0          0          0        108   _printf_char.o
        48          6          0          0          0         96   _printf_char_common.o
        40          0          0          0          0         68   _printf_charcount.o
         6          0          0          0          0          0   _printf_d.o
       120         16          0          0          0         92   _printf_dec.o
         6          0          0          0          0          0   _printf_e.o
         6          0          0          0          0          0   _printf_f.o
      1054          0          0          0          0        216   _printf_fp_dec.o
       764          8         38          0          0        100   _printf_fp_hex.o
       128         16          0          0          0         84   _printf_fp_infnan.o
         6          0          0          0          0          0   _printf_g.o
       148          4         40          0          0        160   _printf_hex_int_ll_ptr.o
         6          0          0          0          0          0   _printf_i.o
       178          0          0          0          0         88   _printf_intcommon.o
        10          0          0          0          0          0   _printf_l.o
         6          0          0          0          0          0   _printf_lc.o
        10          0          0          0          0          0   _printf_ll.o
         6          0          0          0          0          0   _printf_lld.o
         6          0          0          0          0          0   _printf_lli.o
         6          0          0          0          0          0   _printf_llo.o
         6          0          0          0          0          0   _printf_llu.o
         6          0          0          0          0          0   _printf_llx.o
       124         16          0          0          0         92   _printf_longlong_dec.o
         6          0          0          0          0          0   _printf_ls.o
         6          0          0          0          0          0   _printf_n.o
         6          0          0          0          0          0   _printf_o.o
       112         10          0          0          0        124   _printf_oct_int_ll.o
         6          0          0          0          0          0   _printf_p.o
        78          0          0          0          0        108   _printf_pad.o
         0          0          0          0          0          0   _printf_percent.o
         4          0          0          0          0          0   _printf_percent_end.o
         6          0          0          0          0          0   _printf_s.o
        82          0          0          0          0         80   _printf_str.o
        36          0          0          0          0         84   _printf_truncate.o
         6          0          0          0          0          0   _printf_u.o
        44          0          0          0          0        108   _printf_wchar.o
       188          6          8          0          0         92   _printf_wctomb.o
         6          0          0          0          0          0   _printf_x.o
        10          0          0          0          0         68   _sputc.o
        64          0          0          0          0         92   _wcrtomb.o
       228          4        148          0          0         96   bigflt0.o
      1936        128          0          0          0        672   btod.o
        18          0          0          0          0         80   exit.o
         6          0          0          0          0        152   heapauxi.o
         0          0          0          0          0          0   indicate_semi.o
        44         10        272          0          0         76   lc_ctype_c.o
        44         10         28          0          0         76   lc_numeric_c.o
         2          0          0          0          0          0   libinit.o
        30          0          0          0          0          0   libinit2.o
         2          0          0          0          0          0   libshutdown.o
         2          0          0          0          0          0   libshutdown2.o
         8          4          0          0         96         68   libspace.o
       138          0          0          0          0         80   lludiv10.o
        16          4          0          0          0         76   rt_ctype_table.o
         8          4          0          0          0         68   rt_locale_intlibspace.o
        78          0          0          0          0         80   rt_memclr_w.o
         2          0          0          0          0          0   rtexit.o
        10          0          0          0          0          0   rtexit2.o
       128          0          0          0          0         68   strcmpv7m.o
        62          0          0          0          0         76   strlen.o
        36          0          0          0          0         80   strstr.o
        12          4          0          0          0         68   sys_exit.o
        74          0          0          0          0         80   sys_stackheap_outer.o
         2          0          0          0          0         68   use_no_semi.o
        36          4          0          0          0         76   vsprintf.o
        98          4          0          0          0         92   d2f.o
        16          4          0          0          0         68   dcheck1.o
       340         12          0          0          0        104   dmul.o
       156          4          0          0          0         92   dnaninf.o
        12          0          0          0          0         68   dretinf.o
        86          4          0          0          0         84   f2d.o
       430          8          0          0          0        168   faddsub_clz.o
        38          0          0          0          0         68   fflt_clz.o
       140          4          0          0          0         84   fnaninf.o
        10          0          0          0          0         68   fretinf.o
         4          0          0          0          0         68   printf1.o
         4          0          0          0          0         68   printf2.o
       100          0          0          0          0         68   retnan.o
        92          0          0          0          0         68   scalbn.o
        48          0          0          0          0         68   trapv.o
         0          0          0          0          0          0   usenofp.o
        40          0          0          0          0         68   fpclassify.o

    ----------------------------------------------------------------------
      8544        312        556          0        100       5516   Library Totals
        20          0          5          0          4          0   (incl. Padding)

    ----------------------------------------------------------------------

      Code (inc. data)   RO Data    RW Data    ZI Data      Debug   Library Name

      6910        272        551          0         96       4212   c_w.l
      1574         40          0          0          0       1236   fz_ws.l
        40          0          0          0          0         68   m_ws.l

    ----------------------------------------------------------------------
      8544        312        556          0        100       5516   Library Totals

    ----------------------------------------------------------------------

==============================================================================


      Code (inc. data)   RO Data    RW Data    ZI Data      Debug   

     16386       1140        934         40       3896     585379   Grand Totals
     16386       1140        934         40       3896     585379   ELF Image Totals
     16386       1140        934         40          0          0   ROM Totals

==============================================================================

    Total RO  Size (Code + RO Data)                17320 (  16.91kB)
    Total RW  Size (RW Data + ZI Data)              3936 (   3.84kB)
    Total ROM Size (Code + RO Data + RW Data)      17360 (  16.95kB)

==============================================================================

